###############################################################################
#
# IAR ELF Linker V9.30.1.335/W64 for ARM                  30/Jan/2023  13:48:39
# Copyright 2007-2022 IAR Systems AB.
#
#    Output file  =
#        D:\Progr\doubleCore\single\doubleCore\EWARM\single_CM4\Exe\single_CM4.out
#    Map file     =
#        D:\Progr\doubleCore\single\doubleCore\EWARM\single_CM4\List\single_CM4.map
#    Command line =
#        -f
#        D:\Progr\doubleCore\single\doubleCore\EWARM\single_CM4\Exe\single_CM4.out.rsp
#        (D:\Progr\doubleCore\single\doubleCore\EWARM\single_CM4\Obj\Application\User\CM4\Core\adc.o
#        D:\Progr\doubleCore\single\doubleCore\EWARM\single_CM4\Obj\Application\User\CM4\Core\dma.o
#        D:\Progr\doubleCore\single\doubleCore\EWARM\single_CM4\Obj\Application\User\CM4\Core\gpio.o
#        D:\Progr\doubleCore\single\doubleCore\EWARM\single_CM4\Obj\Application\User\CM4\Core\main.o
#        D:\Progr\doubleCore\single\doubleCore\EWARM\single_CM4\Obj\Application\EWARM\startup_stm32h745xx_CM4.o
#        D:\Progr\doubleCore\single\doubleCore\EWARM\single_CM4\Obj\Drivers\STM32H7xx_HAL_Driver\stm32h7xx_hal.o
#        D:\Progr\doubleCore\single\doubleCore\EWARM\single_CM4\Obj\Drivers\STM32H7xx_HAL_Driver\stm32h7xx_hal_adc.o
#        D:\Progr\doubleCore\single\doubleCore\EWARM\single_CM4\Obj\Drivers\STM32H7xx_HAL_Driver\stm32h7xx_hal_adc_ex.o
#        D:\Progr\doubleCore\single\doubleCore\EWARM\single_CM4\Obj\Drivers\STM32H7xx_HAL_Driver\stm32h7xx_hal_cortex.o
#        D:\Progr\doubleCore\single\doubleCore\EWARM\single_CM4\Obj\Drivers\STM32H7xx_HAL_Driver\stm32h7xx_hal_dma.o
#        D:\Progr\doubleCore\single\doubleCore\EWARM\single_CM4\Obj\Drivers\STM32H7xx_HAL_Driver\stm32h7xx_hal_dma_ex.o
#        D:\Progr\doubleCore\single\doubleCore\EWARM\single_CM4\Obj\Drivers\STM32H7xx_HAL_Driver\stm32h7xx_hal_exti.o
#        D:\Progr\doubleCore\single\doubleCore\EWARM\single_CM4\Obj\Drivers\STM32H7xx_HAL_Driver\stm32h7xx_hal_flash.o
#        D:\Progr\doubleCore\single\doubleCore\EWARM\single_CM4\Obj\Drivers\STM32H7xx_HAL_Driver\stm32h7xx_hal_flash_ex.o
#        D:\Progr\doubleCore\single\doubleCore\EWARM\single_CM4\Obj\Drivers\STM32H7xx_HAL_Driver\stm32h7xx_hal_gpio.o
#        D:\Progr\doubleCore\single\doubleCore\EWARM\single_CM4\Obj\Drivers\STM32H7xx_HAL_Driver\stm32h7xx_hal_hsem.o
#        D:\Progr\doubleCore\single\doubleCore\EWARM\single_CM4\Obj\Drivers\STM32H7xx_HAL_Driver\stm32h7xx_hal_i2c.o
#        D:\Progr\doubleCore\single\doubleCore\EWARM\single_CM4\Obj\Drivers\STM32H7xx_HAL_Driver\stm32h7xx_hal_i2c_ex.o
#        D:\Progr\doubleCore\single\doubleCore\EWARM\single_CM4\Obj\Drivers\STM32H7xx_HAL_Driver\stm32h7xx_hal_mdma.o
#        D:\Progr\doubleCore\single\doubleCore\EWARM\single_CM4\Obj\Application\User\CM4\Core\stm32h7xx_hal_msp.o
#        D:\Progr\doubleCore\single\doubleCore\EWARM\single_CM4\Obj\Drivers\STM32H7xx_HAL_Driver\stm32h7xx_hal_pwr.o
#        D:\Progr\doubleCore\single\doubleCore\EWARM\single_CM4\Obj\Drivers\STM32H7xx_HAL_Driver\stm32h7xx_hal_pwr_ex.o
#        D:\Progr\doubleCore\single\doubleCore\EWARM\single_CM4\Obj\Drivers\STM32H7xx_HAL_Driver\stm32h7xx_hal_rcc.o
#        D:\Progr\doubleCore\single\doubleCore\EWARM\single_CM4\Obj\Drivers\STM32H7xx_HAL_Driver\stm32h7xx_hal_rcc_ex.o
#        D:\Progr\doubleCore\single\doubleCore\EWARM\single_CM4\Obj\Drivers\STM32H7xx_HAL_Driver\stm32h7xx_hal_tim.o
#        D:\Progr\doubleCore\single\doubleCore\EWARM\single_CM4\Obj\Drivers\STM32H7xx_HAL_Driver\stm32h7xx_hal_tim_ex.o
#        D:\Progr\doubleCore\single\doubleCore\EWARM\single_CM4\Obj\Application\User\CM4\Core\stm32h7xx_it.o
#        D:\Progr\doubleCore\single\doubleCore\EWARM\single_CM4\Obj\Drivers\CMSIS\system_stm32h7xx_dualcore_boot_cm4_cm7.o
#        D:\Progr\doubleCore\single\doubleCore\EWARM\single_CM4\Obj\Application\User\CM4\Core\tim.o
#        --no_out_extension -o
#        D:\Progr\doubleCore\single\doubleCore\EWARM\single_CM4\Exe\single_CM4.out
#        --redirect _Printf=_PrintfFullNoMb --redirect _Scanf=_ScanfFullNoMb
#        --map
#        D:\Progr\doubleCore\single\doubleCore\EWARM\single_CM4\List\single_CM4.map
#        --config
#        D:\Progr\doubleCore\single\doubleCore\EWARM/stm32h745xx_flash_CM4.icf
#        --semihosting --entry __iar_program_start --vfe --text_out locale
#        --cpu=Cortex-M4 --fpu=VFPv4_sp)
#
###############################################################################

*******************************************************************************
*** RUNTIME MODEL ATTRIBUTES
***

CppFlavor       = *
__CPP_Runtime   = 1
__SystemLibrary = DLib
__dlib_version  = 6


*******************************************************************************
*** HEAP SELECTION
***

The basic heap was selected because --advanced_heap
was not specified and the application did not appear to
be primarily optimized for speed.


*******************************************************************************
*** PLACEMENT SUMMARY
***

"A0":  place at address 0x810'0000 { ro section .intvec };
"P1":  place in [from 0x810'0000 to 0x81f'ffff] { ro };
define block CSTACK with size = 1K, alignment = 8 { };
define block HEAP with size = 512, alignment = 8 { };
"P2":  place in [from 0x1000'0000 to 0x1003'ffff] {
          rw, block CSTACK, block HEAP };
initialize by copy { rw };

  Section            Kind         Address    Size  Object
  -------            ----         -------    ----  ------
"A0":                                       0x298
  .intvec            ro code   0x810'0000   0x298  startup_stm32h745xx_CM4.o [1]
                             - 0x810'0298   0x298

"P1":                                      0x4060
  .text              ro code   0x810'0298  0x1210  stm32h7xx_hal_dma.o [4]
  .text              ro code   0x810'14a8     0xc  stm32h7xx_hal.o [4]
  .text              ro code   0x810'14b4   0xe1c  stm32h7xx_hal_rcc_ex.o [4]
  .text              ro code   0x810'22d0   0x18c  stm32h7xx_hal_rcc.o [4]
  .text              ro code   0x810'245c   0x908  stm32h7xx_hal_adc.o [4]
  .text              ro code   0x810'2d64   0x16c  adc.o [2]
  .text              ro code   0x810'2ed0    0x98  stm32h7xx_hal.o [4]
  .text              ro code   0x810'2f68     0x2  stm32h7xx_hal_adc.o [4]
  .text              ro code   0x810'2f6a     0x2  stm32h7xx_hal_adc.o [4]
  .text              ro code   0x810'2f6c     0x2  stm32h7xx_hal_adc.o [4]
  .text              ro code   0x810'2f6e    0x14  memset.o [7]
  .text              ro code   0x810'2f82    0x2a  copy_init3.o [7]
  .text              ro code   0x810'2fac    0xcc  main.o [2]
  .text              ro code   0x810'3078   0x240  stm32h7xx_hal_gpio.o [4]
  .text              ro code   0x810'32b8    0xe0  stm32h7xx_hal_cortex.o [4]
  .text              ro code   0x810'3398    0x44  stm32h7xx_hal.o [4]
  .text              ro code   0x810'33dc    0x20  stm32h7xx_hal_msp.o [2]
  .text              ro code   0x810'33fc    0x66  ABImemset.o [7]
  .text              ro code   0x810'3464    0x10  stm32h7xx_hal_hsem.o [4]
  .text              ro code   0x810'3474    0x10  stm32h7xx_hal_pwr_ex.o [4]
  .text              ro code   0x810'3484    0x30  dma.o [2]
  .text              ro code   0x810'34b4    0xac  gpio.o [2]
  .text              ro code   0x810'3560   0x108  tim.o [2]
  .text              ro code   0x810'3668   0x7f0  stm32h7xx_hal_tim.o [4]
  .text              ro code   0x810'3e58    0x28  stm32h7xx_hal.o [4]
  .text              ro code   0x810'3e80    0xa0  stm32h7xx_hal_tim_ex.o [4]
  .text              ro code   0x810'3f20     0x2  stm32h7xx_hal_tim.o [4]
  .text              ro code   0x810'3f22     0x2  stm32h7xx_hal_tim.o [4]
  .text              ro code   0x810'3f24     0x2  stm32h7xx_hal_tim.o [4]
  .text              ro code   0x810'3f26     0x2  stm32h7xx_hal_tim_ex.o [4]
  .text              ro code   0x810'3f28     0x2  stm32h7xx_hal_tim_ex.o [4]
  .text              ro code   0x810'3f2a     0x2  stm32h7xx_hal_tim.o [4]
  .text              ro code   0x810'3f2c     0x2  stm32h7xx_hal_tim_ex.o [4]
  .text              ro code   0x810'3f2e     0x2  stm32h7xx_hal_tim.o [4]
  .text              ro code   0x810'3f30    0x38  zero_init3.o [7]
  .text              ro code   0x810'3f68    0x28  stm32h7xx_it.o [2]
  .text              ro code   0x810'3f90    0x10  stm32h7xx_hal.o [4]
  .text              ro code   0x810'3fa0    0x28  system_stm32h7xx_dualcore_boot_cm4_cm7.o [3]
  .text              ro code   0x810'3fc8    0x28  data_init.o [7]
  .text              ro code   0x810'3ff0    0x22  fpinit_M.o [6]
  .iar.init_table    const     0x810'4014    0x24  - Linker created -
  .text              ro code   0x810'4038    0x1e  cmain.o [7]
  .text              ro code   0x810'4056     0x4  low_level_init.o [5]
  .text              ro code   0x810'405a     0x4  exit.o [5]
  .text              ro code   0x810'4060     0xa  cexit.o [7]
  .text              ro code   0x810'406c    0x14  exit.o [8]
  .text              ro code   0x810'4080    0x1c  cstartup_M.o [7]
  Initializer bytes  const     0x810'409c    0x14  <for P2-1>
  .text              ro code   0x810'40b0    0x10  startup_stm32h745xx_CM4.o [1]
  .text              ro code   0x810'40c0     0x4  startup_stm32h745xx_CM4.o [1]
  .text              ro code   0x810'40c4     0x4  startup_stm32h745xx_CM4.o [1]
  .text              ro code   0x810'40c8     0x4  startup_stm32h745xx_CM4.o [1]
  .text              ro code   0x810'40cc     0x4  startup_stm32h745xx_CM4.o [1]
  .text              ro code   0x810'40d0     0x4  startup_stm32h745xx_CM4.o [1]
  .text              ro code   0x810'40d4     0x4  startup_stm32h745xx_CM4.o [1]
  .text              ro code   0x810'40d8     0x4  startup_stm32h745xx_CM4.o [1]
  .text              ro code   0x810'40dc     0x4  startup_stm32h745xx_CM4.o [1]
  .text              ro code   0x810'40e0     0x4  startup_stm32h745xx_CM4.o [1]
  .text              ro code   0x810'40e4     0x4  startup_stm32h745xx_CM4.o [1]
  .text              ro code   0x810'40e8     0x4  startup_stm32h745xx_CM4.o [1]
  .text              ro code   0x810'40ec     0x4  startup_stm32h745xx_CM4.o [1]
  .text              ro code   0x810'40f0     0x4  startup_stm32h745xx_CM4.o [1]
  .text              ro code   0x810'40f4     0x4  startup_stm32h745xx_CM4.o [1]
  .text              ro code   0x810'40f8     0x4  startup_stm32h745xx_CM4.o [1]
  .text              ro code   0x810'40fc     0x4  startup_stm32h745xx_CM4.o [1]
  .text              ro code   0x810'4100     0x4  startup_stm32h745xx_CM4.o [1]
  .text              ro code   0x810'4104     0x4  startup_stm32h745xx_CM4.o [1]
  .text              ro code   0x810'4108     0x4  startup_stm32h745xx_CM4.o [1]
  .text              ro code   0x810'410c     0x4  startup_stm32h745xx_CM4.o [1]
  .text              ro code   0x810'4110     0x4  startup_stm32h745xx_CM4.o [1]
  .text              ro code   0x810'4114     0x4  startup_stm32h745xx_CM4.o [1]
  .text              ro code   0x810'4118     0x4  startup_stm32h745xx_CM4.o [1]
  .text              ro code   0x810'411c     0x4  startup_stm32h745xx_CM4.o [1]
  .text              ro code   0x810'4120     0x4  startup_stm32h745xx_CM4.o [1]
  .text              ro code   0x810'4124     0x4  startup_stm32h745xx_CM4.o [1]
  .text              ro code   0x810'4128     0x4  startup_stm32h745xx_CM4.o [1]
  .text              ro code   0x810'412c     0x4  startup_stm32h745xx_CM4.o [1]
  .text              ro code   0x810'4130     0x4  startup_stm32h745xx_CM4.o [1]
  .text              ro code   0x810'4134     0x4  startup_stm32h745xx_CM4.o [1]
  .text              ro code   0x810'4138     0x4  startup_stm32h745xx_CM4.o [1]
  .text              ro code   0x810'413c     0x4  startup_stm32h745xx_CM4.o [1]
  .text              ro code   0x810'4140     0x4  startup_stm32h745xx_CM4.o [1]
  .text              ro code   0x810'4144     0x4  startup_stm32h745xx_CM4.o [1]
  .text              ro code   0x810'4148     0x4  startup_stm32h745xx_CM4.o [1]
  .text              ro code   0x810'414c     0x4  startup_stm32h745xx_CM4.o [1]
  .text              ro code   0x810'4150     0x4  startup_stm32h745xx_CM4.o [1]
  .text              ro code   0x810'4154     0x4  startup_stm32h745xx_CM4.o [1]
  .text              ro code   0x810'4158     0x4  startup_stm32h745xx_CM4.o [1]
  .text              ro code   0x810'415c     0x4  startup_stm32h745xx_CM4.o [1]
  .text              ro code   0x810'4160     0x4  startup_stm32h745xx_CM4.o [1]
  .text              ro code   0x810'4164     0x4  startup_stm32h745xx_CM4.o [1]
  .text              ro code   0x810'4168     0x4  startup_stm32h745xx_CM4.o [1]
  .text              ro code   0x810'416c     0x4  startup_stm32h745xx_CM4.o [1]
  .text              ro code   0x810'4170     0x4  startup_stm32h745xx_CM4.o [1]
  .text              ro code   0x810'4174     0x4  startup_stm32h745xx_CM4.o [1]
  .text              ro code   0x810'4178     0x4  startup_stm32h745xx_CM4.o [1]
  .text              ro code   0x810'417c     0x4  startup_stm32h745xx_CM4.o [1]
  .text              ro code   0x810'4180     0x4  startup_stm32h745xx_CM4.o [1]
  .text              ro code   0x810'4184     0x4  startup_stm32h745xx_CM4.o [1]
  .text              ro code   0x810'4188     0x4  startup_stm32h745xx_CM4.o [1]
  .text              ro code   0x810'418c     0x4  startup_stm32h745xx_CM4.o [1]
  .text              ro code   0x810'4190     0x4  startup_stm32h745xx_CM4.o [1]
  .text              ro code   0x810'4194     0x4  startup_stm32h745xx_CM4.o [1]
  .text              ro code   0x810'4198     0x4  startup_stm32h745xx_CM4.o [1]
  .text              ro code   0x810'419c     0x4  startup_stm32h745xx_CM4.o [1]
  .text              ro code   0x810'41a0     0x4  startup_stm32h745xx_CM4.o [1]
  .text              ro code   0x810'41a4     0x4  startup_stm32h745xx_CM4.o [1]
  .text              ro code   0x810'41a8     0x4  startup_stm32h745xx_CM4.o [1]
  .text              ro code   0x810'41ac     0x4  startup_stm32h745xx_CM4.o [1]
  .text              ro code   0x810'41b0     0x4  startup_stm32h745xx_CM4.o [1]
  .text              ro code   0x810'41b4     0x4  startup_stm32h745xx_CM4.o [1]
  .text              ro code   0x810'41b8     0x4  startup_stm32h745xx_CM4.o [1]
  .text              ro code   0x810'41bc     0x4  startup_stm32h745xx_CM4.o [1]
  .text              ro code   0x810'41c0     0x4  startup_stm32h745xx_CM4.o [1]
  .text              ro code   0x810'41c4     0x4  startup_stm32h745xx_CM4.o [1]
  .text              ro code   0x810'41c8     0x4  startup_stm32h745xx_CM4.o [1]
  .text              ro code   0x810'41cc     0x4  startup_stm32h745xx_CM4.o [1]
  .text              ro code   0x810'41d0     0x4  startup_stm32h745xx_CM4.o [1]
  .text              ro code   0x810'41d4     0x4  startup_stm32h745xx_CM4.o [1]
  .text              ro code   0x810'41d8     0x4  startup_stm32h745xx_CM4.o [1]
  .text              ro code   0x810'41dc     0x4  startup_stm32h745xx_CM4.o [1]
  .text              ro code   0x810'41e0     0x4  startup_stm32h745xx_CM4.o [1]
  .text              ro code   0x810'41e4     0x4  startup_stm32h745xx_CM4.o [1]
  .text              ro code   0x810'41e8     0x4  startup_stm32h745xx_CM4.o [1]
  .text              ro code   0x810'41ec     0x4  startup_stm32h745xx_CM4.o [1]
  .text              ro code   0x810'41f0     0x4  startup_stm32h745xx_CM4.o [1]
  .text              ro code   0x810'41f4     0x4  startup_stm32h745xx_CM4.o [1]
  .text              ro code   0x810'41f8     0x4  startup_stm32h745xx_CM4.o [1]
  .text              ro code   0x810'41fc     0x4  startup_stm32h745xx_CM4.o [1]
  .text              ro code   0x810'4200     0x4  startup_stm32h745xx_CM4.o [1]
  .text              ro code   0x810'4204     0x4  startup_stm32h745xx_CM4.o [1]
  .text              ro code   0x810'4208     0x4  startup_stm32h745xx_CM4.o [1]
  .text              ro code   0x810'420c     0x4  startup_stm32h745xx_CM4.o [1]
  .text              ro code   0x810'4210     0x4  startup_stm32h745xx_CM4.o [1]
  .text              ro code   0x810'4214     0x4  startup_stm32h745xx_CM4.o [1]
  .text              ro code   0x810'4218     0x4  startup_stm32h745xx_CM4.o [1]
  .text              ro code   0x810'421c     0x4  startup_stm32h745xx_CM4.o [1]
  .text              ro code   0x810'4220     0x4  startup_stm32h745xx_CM4.o [1]
  .text              ro code   0x810'4224     0x4  startup_stm32h745xx_CM4.o [1]
  .text              ro code   0x810'4228     0x4  startup_stm32h745xx_CM4.o [1]
  .text              ro code   0x810'422c     0x4  startup_stm32h745xx_CM4.o [1]
  .text              ro code   0x810'4230     0x4  startup_stm32h745xx_CM4.o [1]
  .text              ro code   0x810'4234     0x4  startup_stm32h745xx_CM4.o [1]
  .text              ro code   0x810'4238     0x4  startup_stm32h745xx_CM4.o [1]
  .text              ro code   0x810'423c     0x4  startup_stm32h745xx_CM4.o [1]
  .text              ro code   0x810'4240     0x4  startup_stm32h745xx_CM4.o [1]
  .text              ro code   0x810'4244     0x4  startup_stm32h745xx_CM4.o [1]
  .text              ro code   0x810'4248     0x4  startup_stm32h745xx_CM4.o [1]
  .text              ro code   0x810'424c     0x4  startup_stm32h745xx_CM4.o [1]
  .text              ro code   0x810'4250     0x4  startup_stm32h745xx_CM4.o [1]
  .text              ro code   0x810'4254     0x4  startup_stm32h745xx_CM4.o [1]
  .text              ro code   0x810'4258     0x4  startup_stm32h745xx_CM4.o [1]
  .text              ro code   0x810'425c     0x4  startup_stm32h745xx_CM4.o [1]
  .text              ro code   0x810'4260     0x4  startup_stm32h745xx_CM4.o [1]
  .text              ro code   0x810'4264     0x4  startup_stm32h745xx_CM4.o [1]
  .text              ro code   0x810'4268     0x4  startup_stm32h745xx_CM4.o [1]
  .text              ro code   0x810'426c     0x4  startup_stm32h745xx_CM4.o [1]
  .text              ro code   0x810'4270     0x4  startup_stm32h745xx_CM4.o [1]
  .text              ro code   0x810'4274     0x4  startup_stm32h745xx_CM4.o [1]
  .text              ro code   0x810'4278     0x4  startup_stm32h745xx_CM4.o [1]
  .text              ro code   0x810'427c     0x4  startup_stm32h745xx_CM4.o [1]
  .text              ro code   0x810'4280     0x4  startup_stm32h745xx_CM4.o [1]
  .text              ro code   0x810'4284     0x4  startup_stm32h745xx_CM4.o [1]
  .text              ro code   0x810'4288     0x4  startup_stm32h745xx_CM4.o [1]
  .text              ro code   0x810'428c     0x4  startup_stm32h745xx_CM4.o [1]
  .text              ro code   0x810'4290     0x4  startup_stm32h745xx_CM4.o [1]
  .text              ro code   0x810'4294     0x4  startup_stm32h745xx_CM4.o [1]
  .text              ro code   0x810'4298     0x4  startup_stm32h745xx_CM4.o [1]
  .text              ro code   0x810'429c     0x4  startup_stm32h745xx_CM4.o [1]
  .text              ro code   0x810'42a0     0x4  startup_stm32h745xx_CM4.o [1]
  .text              ro code   0x810'42a4     0x4  startup_stm32h745xx_CM4.o [1]
  .text              ro code   0x810'42a8     0x4  startup_stm32h745xx_CM4.o [1]
  .text              ro code   0x810'42ac     0x4  startup_stm32h745xx_CM4.o [1]
  .text              ro code   0x810'42b0     0x4  startup_stm32h745xx_CM4.o [1]
  .text              ro code   0x810'42b4     0x4  startup_stm32h745xx_CM4.o [1]
  .text              ro code   0x810'42b8     0x4  startup_stm32h745xx_CM4.o [1]
  .text              ro code   0x810'42bc     0x4  startup_stm32h745xx_CM4.o [1]
  .text              ro code   0x810'42c0     0x4  startup_stm32h745xx_CM4.o [1]
  .text              ro code   0x810'42c4     0x4  startup_stm32h745xx_CM4.o [1]
  .text              ro code   0x810'42c8     0x4  startup_stm32h745xx_CM4.o [1]
  .text              ro code   0x810'42cc     0x4  startup_stm32h745xx_CM4.o [1]
  .text              ro code   0x810'42d0     0x4  startup_stm32h745xx_CM4.o [1]
  .text              ro code   0x810'42d4     0x4  startup_stm32h745xx_CM4.o [1]
  .text              ro code   0x810'42d8     0x4  startup_stm32h745xx_CM4.o [1]
  .text              ro code   0x810'42dc     0x4  startup_stm32h745xx_CM4.o [1]
  .text              ro code   0x810'42e0     0x4  startup_stm32h745xx_CM4.o [1]
  .text              ro code   0x810'42e4     0x4  startup_stm32h745xx_CM4.o [1]
  .text              ro code   0x810'42e8     0x4  startup_stm32h745xx_CM4.o [1]
  .text              ro code   0x810'42ec     0x4  startup_stm32h745xx_CM4.o [1]
  .text              ro code   0x810'42f0     0x4  startup_stm32h745xx_CM4.o [1]
  .text              ro code   0x810'42f4     0x4  startup_stm32h745xx_CM4.o [1]
  .rodata            const     0x810'42f8     0x0  zero_init3.o [7]
  .rodata            const     0x810'42f8     0x0  copy_init3.o [7]
                             - 0x810'42f8  0x4060

"P2", part 1 of 3:                           0x14
  P2-1                        0x1000'0000    0x14  <Init block>
    .data            inited   0x1000'0000     0xc  stm32h7xx_hal.o [4]
    .data            inited   0x1000'000c     0x8  system_stm32h7xx_dualcore_boot_cm4_cm7.o [3]
                            - 0x1000'0014    0x14

"P2", part 2 of 3:                          0x8f8
  .bss               zero     0x1000'0014   0x7d0  main.o [2]
  .bss               zero     0x1000'07e4    0x78  adc.o [2]
  .bss               zero     0x1000'085c    0x64  adc.o [2]
  .bss               zero     0x1000'08c0    0x4c  tim.o [2]
                            - 0x1000'090c   0x8f8

"P2", part 3 of 3:                          0x400
  CSTACK                      0x1000'0910   0x400  <Block>
    CSTACK           uninit   0x1000'0910   0x400  <Block tail>
                            - 0x1000'0d10   0x400

Unused ranges:

         From           To      Size
         ----           --      ----
   0x810'42f8   0x81f'ffff  0xf'bd08
  0x1000'090c  0x1000'090f       0x4
  0x1000'0d10  0x1003'ffff  0x3'f2f0


*******************************************************************************
*** INIT TABLE
***

          Address      Size
          -------      ----
Zero (__iar_zero_init3)
    1 destination range, total size 0x8f8:
          0x1000'0014  0x8f8

Copy (__iar_copy_init3)
    1 source range, total size 0x14:
           0x810'409c   0x14
    1 destination range, total size 0x14:
          0x1000'0000   0x14



*******************************************************************************
*** MODULE SUMMARY
***

    Module                                    ro code  ro data  rw data
    ------                                    -------  -------  -------
command line/config:
    -------------------------------------------------------------------
    Total:

D:\Progr\doubleCore\single\doubleCore\EWARM\single_CM4\Obj\Application\EWARM: [1]
    startup_stm32h745xx_CM4.o                   1'248
    -------------------------------------------------------------------
    Total:                                      1'248

D:\Progr\doubleCore\single\doubleCore\EWARM\single_CM4\Obj\Application\User\CM4\Core: [2]
    adc.o                                         364               220
    dma.o                                          48
    gpio.o                                        172
    main.o                                        204             2'000
    stm32h7xx_hal_msp.o                            32
    stm32h7xx_it.o                                 40
    tim.o                                         264                76
    -------------------------------------------------------------------
    Total:                                      1'124             2'296

D:\Progr\doubleCore\single\doubleCore\EWARM\single_CM4\Obj\Drivers\CMSIS: [3]
    system_stm32h7xx_dualcore_boot_cm4_cm7.o       40        8        8
    -------------------------------------------------------------------
    Total:                                         40        8        8

D:\Progr\doubleCore\single\doubleCore\EWARM\single_CM4\Obj\Drivers\STM32H7xx_HAL_Driver: [4]
    stm32h7xx_hal.o                               288       12       12
    stm32h7xx_hal_adc.o                         2'318
    stm32h7xx_hal_cortex.o                        224
    stm32h7xx_hal_dma.o                         4'624
    stm32h7xx_hal_gpio.o                          576
    stm32h7xx_hal_hsem.o                           16
    stm32h7xx_hal_pwr_ex.o                         16
    stm32h7xx_hal_rcc.o                           396
    stm32h7xx_hal_rcc_ex.o                      3'612
    stm32h7xx_hal_tim.o                         2'042
    stm32h7xx_hal_tim_ex.o                        166
    -------------------------------------------------------------------
    Total:                                     14'278       12       12

dl7M_tln.a: [5]
    exit.o                                          4
    low_level_init.o                                4
    -------------------------------------------------------------------
    Total:                                          8

m7M_tls.a: [6]
    fpinit_M.o                                     34
    -------------------------------------------------------------------
    Total:                                         34

rt7M_tl.a: [7]
    ABImemset.o                                   102
    cexit.o                                        10
    cmain.o                                        30
    copy_init3.o                                   42
    cstartup_M.o                                   28
    data_init.o                                    40
    memset.o                                       20
    zero_init3.o                                   56
    -------------------------------------------------------------------
    Total:                                        328

shb_l.a: [8]
    exit.o                                         20
    -------------------------------------------------------------------
    Total:                                         20

    Gaps                                            6        2
    Linker created                                          36    1'024
-----------------------------------------------------------------------
    Grand Total:                               17'086       58    3'340


*******************************************************************************
*** ENTRY LIST
***

Entry                       Address   Size  Type      Object
-----                       -------   ----  ----      ------
.iar.init_table$$Base    0x810'4014          --   Gb  - Linker created -
.iar.init_table$$Limit   0x810'4038          --   Gb  - Linker created -
?main                    0x810'4039         Code  Gb  cmain.o [7]
ADC3_IRQHandler          0x810'42a1         Code  Wk  startup_stm32h745xx_CM4.o [1]
ADC_ConfigureBoostMode   0x810'2c13  0x10a  Code  Gb  stm32h7xx_hal_adc.o [4]
ADC_DMAConvCplt          0x810'2b7d   0x78  Code  Gb  stm32h7xx_hal_adc.o [4]
ADC_DMAError             0x810'2bfd   0x16  Code  Gb  stm32h7xx_hal_adc.o [4]
ADC_DMAHalfConvCplt      0x810'2bf5    0x6  Code  Gb  stm32h7xx_hal_adc.o [4]
ADC_Enable               0x810'2ae7   0x78  Code  Gb  stm32h7xx_hal_adc.o [4]
ADC_IRQHandler           0x810'4105         Code  Wk  startup_stm32h745xx_CM4.o [1]
BDMA_Channel0_IRQHandler
                         0x810'42a9         Code  Wk  startup_stm32h745xx_CM4.o [1]
BDMA_Channel1_IRQHandler
                         0x810'42ad         Code  Wk  startup_stm32h745xx_CM4.o [1]
BDMA_Channel2_IRQHandler
                         0x810'42b1         Code  Wk  startup_stm32h745xx_CM4.o [1]
BDMA_Channel3_IRQHandler
                         0x810'42b5         Code  Wk  startup_stm32h745xx_CM4.o [1]
BDMA_Channel4_IRQHandler
                         0x810'42b9         Code  Wk  startup_stm32h745xx_CM4.o [1]
BDMA_Channel5_IRQHandler
                         0x810'42bd         Code  Wk  startup_stm32h745xx_CM4.o [1]
BDMA_Channel6_IRQHandler
                         0x810'42c1         Code  Wk  startup_stm32h745xx_CM4.o [1]
BDMA_Channel7_IRQHandler
                         0x810'42c5         Code  Wk  startup_stm32h745xx_CM4.o [1]
BusFault_Handler         0x810'3f6f    0x2  Code  Gb  stm32h7xx_it.o [2]
CEC_IRQHandler           0x810'4221         Code  Wk  startup_stm32h745xx_CM4.o [1]
CM4_SEV_IRQHandler       0x810'41b9         Code  Wk  startup_stm32h745xx_CM4.o [1]
CM7_SEV_IRQHandler       0x810'41b5         Code  Wk  startup_stm32h745xx_CM4.o [1]
COMP1_IRQHandler         0x810'42c9         Code  Wk  startup_stm32h745xx_CM4.o [1]
CRS_IRQHandler           0x810'42e5         Code  Wk  startup_stm32h745xx_CM4.o [1]
CSTACK$$Base            0x1000'0910          --   Gb  - Linker created -
CSTACK$$Limit           0x1000'0d10          --   Gb  - Linker created -
D1CorePrescTable         0x810'3fb8   0x10  Data  Gb  system_stm32h7xx_dualcore_boot_cm4_cm7.o [3]
DCMI_IRQHandler          0x810'41e5         Code  Wk  startup_stm32h745xx_CM4.o [1]
DFSDM1_FLT0_IRQHandler   0x810'4261         Code  Wk  startup_stm32h745xx_CM4.o [1]
DFSDM1_FLT1_IRQHandler   0x810'4265         Code  Wk  startup_stm32h745xx_CM4.o [1]
DFSDM1_FLT2_IRQHandler   0x810'4269         Code  Wk  startup_stm32h745xx_CM4.o [1]
DFSDM1_FLT3_IRQHandler   0x810'426d         Code  Wk  startup_stm32h745xx_CM4.o [1]
DMA1_Stream0_IRQHandler
                         0x810'3f7d    0x6  Code  Gb  stm32h7xx_it.o [2]
DMA1_Stream1_IRQHandler
                         0x810'40ed         Code  Wk  startup_stm32h745xx_CM4.o [1]
DMA1_Stream2_IRQHandler
                         0x810'40f1         Code  Wk  startup_stm32h745xx_CM4.o [1]
DMA1_Stream3_IRQHandler
                         0x810'40f5         Code  Wk  startup_stm32h745xx_CM4.o [1]
DMA1_Stream4_IRQHandler
                         0x810'40f9         Code  Wk  startup_stm32h745xx_CM4.o [1]
DMA1_Stream5_IRQHandler
                         0x810'40fd         Code  Wk  startup_stm32h745xx_CM4.o [1]
DMA1_Stream6_IRQHandler
                         0x810'4101         Code  Wk  startup_stm32h745xx_CM4.o [1]
DMA1_Stream7_IRQHandler
                         0x810'4171         Code  Wk  startup_stm32h745xx_CM4.o [1]
DMA2D_IRQHandler         0x810'4211         Code  Wk  startup_stm32h745xx_CM4.o [1]
DMA2_Stream0_IRQHandler
                         0x810'4195         Code  Wk  startup_stm32h745xx_CM4.o [1]
DMA2_Stream1_IRQHandler
                         0x810'4199         Code  Wk  startup_stm32h745xx_CM4.o [1]
DMA2_Stream2_IRQHandler
                         0x810'419d         Code  Wk  startup_stm32h745xx_CM4.o [1]
DMA2_Stream3_IRQHandler
                         0x810'41a1         Code  Wk  startup_stm32h745xx_CM4.o [1]
DMA2_Stream4_IRQHandler
                         0x810'41a5         Code  Wk  startup_stm32h745xx_CM4.o [1]
DMA2_Stream5_IRQHandler
                         0x810'41bd         Code  Wk  startup_stm32h745xx_CM4.o [1]
DMA2_Stream6_IRQHandler
                         0x810'41c1         Code  Wk  startup_stm32h745xx_CM4.o [1]
DMA2_Stream7_IRQHandler
                         0x810'41c5         Code  Wk  startup_stm32h745xx_CM4.o [1]
DMAMUX1_OVR_IRQHandler   0x810'4241         Code  Wk  startup_stm32h745xx_CM4.o [1]
DMAMUX2_OVR_IRQHandler   0x810'42a5         Code  Wk  startup_stm32h745xx_CM4.o [1]
DMA_CalcBaseAndBitshift
                         0x810'128d   0x92  Code  Lc  stm32h7xx_hal_dma.o [4]
DMA_CalcBaseAndBitshift{1}{2}::flagBitshiftOffset
                         0x810'14a0    0x8  Data  Lc  stm32h7xx_hal_dma.o [4]
DMA_CalcDMAMUXChannelBaseAndMask
                         0x810'133d   0x80  Code  Lc  stm32h7xx_hal_dma.o [4]
DMA_CalcDMAMUXRequestGenBaseAndMask
                         0x810'13d9   0x60  Code  Lc  stm32h7xx_hal_dma.o [4]
DMA_SetConfig            0x810'10ed  0x18e  Code  Lc  stm32h7xx_hal_dma.o [4]
DebugMon_Handler         0x810'3f75    0x2  Code  Gb  stm32h7xx_it.o [2]
ECC_IRQHandler           0x810'42e9         Code  Wk  startup_stm32h745xx_CM4.o [1]
ETH_IRQHandler           0x810'41a9         Code  Wk  startup_stm32h745xx_CM4.o [1]
ETH_WKUP_IRQHandler      0x810'41ad         Code  Wk  startup_stm32h745xx_CM4.o [1]
EXTI0_IRQHandler         0x810'40d9         Code  Wk  startup_stm32h745xx_CM4.o [1]
EXTI15_10_IRQHandler     0x810'4159         Code  Wk  startup_stm32h745xx_CM4.o [1]
EXTI1_IRQHandler         0x810'40dd         Code  Wk  startup_stm32h745xx_CM4.o [1]
EXTI2_IRQHandler         0x810'40e1         Code  Wk  startup_stm32h745xx_CM4.o [1]
EXTI3_IRQHandler         0x810'40e5         Code  Wk  startup_stm32h745xx_CM4.o [1]
EXTI4_IRQHandler         0x810'40e9         Code  Wk  startup_stm32h745xx_CM4.o [1]
EXTI9_5_IRQHandler       0x810'4119         Code  Wk  startup_stm32h745xx_CM4.o [1]
Error_Handler            0x810'3041   0x18  Code  Gb  main.o [2]
FDCAN1_IT0_IRQHandler    0x810'4109         Code  Wk  startup_stm32h745xx_CM4.o [1]
FDCAN1_IT1_IRQHandler    0x810'4111         Code  Wk  startup_stm32h745xx_CM4.o [1]
FDCAN2_IT0_IRQHandler    0x810'410d         Code  Wk  startup_stm32h745xx_CM4.o [1]
FDCAN2_IT1_IRQHandler    0x810'4115         Code  Wk  startup_stm32h745xx_CM4.o [1]
FDCAN_CAL_IRQHandler     0x810'41b1         Code  Wk  startup_stm32h745xx_CM4.o [1]
FLASH_IRQHandler         0x810'40d1         Code  Wk  startup_stm32h745xx_CM4.o [1]
FMC_IRQHandler           0x810'4175         Code  Wk  startup_stm32h745xx_CM4.o [1]
FPU_IRQHandler           0x810'41ed         Code  Wk  startup_stm32h745xx_CM4.o [1]
HAL_ADC_ConfigChannel    0x810'27a1  0x31c  Code  Gb  stm32h7xx_hal_adc.o [4]
HAL_ADC_ConvCpltCallback
                         0x810'2f69    0x2  Code  Wk  stm32h7xx_hal_adc.o [4]
HAL_ADC_ConvHalfCpltCallback
                         0x810'2f6d    0x2  Code  Wk  stm32h7xx_hal_adc.o [4]
HAL_ADC_ErrorCallback    0x810'2f6b    0x2  Code  Wk  stm32h7xx_hal_adc.o [4]
HAL_ADC_Init             0x810'248f  0x1d8  Code  Gb  stm32h7xx_hal_adc.o [4]
HAL_ADC_MspInit          0x810'2de7   0xcc  Code  Gb  adc.o [2]
HAL_ADC_Start_DMA        0x810'2691   0xe4  Code  Gb  stm32h7xx_hal_adc.o [4]
HAL_DMA_IRQHandler       0x810'0969  0x730  Code  Gb  stm32h7xx_hal_dma.o [4]
HAL_DMA_Init             0x810'0299  0x36e  Code  Gb  stm32h7xx_hal_dma.o [4]
HAL_DMA_Start_IT         0x810'0635  0x24c  Code  Gb  stm32h7xx_hal_dma.o [4]
HAL_Delay                0x810'3e59   0x28  Code  Wk  stm32h7xx_hal.o [4]
HAL_GPIO_Init            0x810'3079  0x1f4  Code  Gb  stm32h7xx_hal_gpio.o [4]
HAL_GPIO_TogglePin       0x810'3275   0x10  Code  Gb  stm32h7xx_hal_gpio.o [4]
HAL_GPIO_WritePin        0x810'326d    0x8  Code  Gb  stm32h7xx_hal_gpio.o [4]
HAL_GetCurrentCPUID      0x810'3361   0x14  Code  Gb  stm32h7xx_hal_cortex.o [4]
HAL_GetREVID             0x810'2f45    0x8  Code  Gb  stm32h7xx_hal.o [4]
HAL_GetTick              0x810'14a9    0xc  Code  Wk  stm32h7xx_hal.o [4]
HAL_HSEM_ActivateNotification
                         0x810'3465    0xa  Code  Gb  stm32h7xx_hal_hsem.o [4]
HAL_IncTick              0x810'3f91   0x10  Code  Wk  stm32h7xx_hal.o [4]
HAL_Init                 0x810'2ed1   0x74  Code  Gb  stm32h7xx_hal.o [4]
HAL_InitTick             0x810'3399   0x44  Code  Wk  stm32h7xx_hal.o [4]
HAL_MspInit              0x810'33dd   0x20  Code  Gb  stm32h7xx_hal_msp.o [2]
HAL_NVIC_EnableIRQ       0x810'3329   0x16  Code  Gb  stm32h7xx_hal_cortex.o [4]
HAL_NVIC_SetPriority     0x810'32ed   0x3a  Code  Gb  stm32h7xx_hal_cortex.o [4]
HAL_NVIC_SetPriorityGrouping
                         0x810'32d3   0x1a  Code  Gb  stm32h7xx_hal_cortex.o [4]
HAL_PWREx_ClearPendingEvent
                         0x810'3475   0x10  Code  Gb  stm32h7xx_hal_pwr_ex.o [4]
HAL_RCCEx_GetD3PCLK1Freq
                         0x810'1e43    0xa  Code  Gb  stm32h7xx_hal_rcc_ex.o [4]
HAL_RCCEx_GetPLL1ClockFreq
                         0x810'2079   0x74  Code  Gb  stm32h7xx_hal_rcc_ex.o [4]
HAL_RCCEx_GetPLL2ClockFreq
                         0x810'1e65   0x6e  Code  Gb  stm32h7xx_hal_rcc_ex.o [4]
HAL_RCCEx_GetPLL3ClockFreq
                         0x810'1ed5   0x6c  Code  Gb  stm32h7xx_hal_rcc_ex.o [4]
HAL_RCCEx_GetPeriphCLKFreq
                         0x810'1c09  0x23a  Code  Gb  stm32h7xx_hal_rcc_ex.o [4]
HAL_RCCEx_PeriphCLKConfig
                         0x810'14b5  0x722  Code  Gb  stm32h7xx_hal_rcc_ex.o [4]
HAL_RCC_GetHCLKFreq      0x810'23fb   0x30  Code  Gb  stm32h7xx_hal_rcc.o [4]
HAL_RCC_GetSysClockFreq
                         0x810'22d1  0x11a  Code  Gb  stm32h7xx_hal_rcc.o [4]
HAL_SYSTICK_Config       0x810'333f   0x22  Code  Gb  stm32h7xx_hal_cortex.o [4]
HAL_TIMEx_Break2Callback
                         0x810'3f29    0x2  Code  Wk  stm32h7xx_hal_tim_ex.o [4]
HAL_TIMEx_BreakCallback
                         0x810'3f27    0x2  Code  Wk  stm32h7xx_hal_tim_ex.o [4]
HAL_TIMEx_CommutCallback
                         0x810'3f2d    0x2  Code  Wk  stm32h7xx_hal_tim_ex.o [4]
HAL_TIMEx_MasterConfigSynchronization
                         0x810'3e81   0x82  Code  Gb  stm32h7xx_hal_tim_ex.o [4]
HAL_TIM_Base_Start       0x810'3669   0x74  Code  Gb  stm32h7xx_hal_tim.o [4]
HAL_TIM_IC_CaptureCallback
                         0x810'3f21    0x2  Code  Wk  stm32h7xx_hal_tim.o [4]
HAL_TIM_IRQHandler       0x810'3861  0x15c  Code  Gb  stm32h7xx_hal_tim.o [4]
HAL_TIM_MspPostInit      0x810'360f   0x4a  Code  Gb  tim.o [2]
HAL_TIM_OC_DelayElapsedCallback
                         0x810'3f23    0x2  Code  Wk  stm32h7xx_hal_tim.o [4]
HAL_TIM_PWM_ConfigChannel
                         0x810'39cd  0x104  Code  Gb  stm32h7xx_hal_tim.o [4]
HAL_TIM_PWM_Init         0x810'3709   0x1a  Code  Gb  stm32h7xx_hal_tim.o [4]
HAL_TIM_PWM_MspInit      0x810'35db   0x34  Code  Gb  tim.o [2]
HAL_TIM_PWM_PulseFinishedCallback
                         0x810'3f2f    0x2  Code  Wk  stm32h7xx_hal_tim.o [4]
HAL_TIM_PWM_Start        0x810'3723   0xd6  Code  Gb  stm32h7xx_hal_tim.o [4]
HAL_TIM_PeriodElapsedCallback
                         0x810'3f25    0x2  Code  Wk  stm32h7xx_hal_tim.o [4]
HAL_TIM_TriggerCallback
                         0x810'3f2b    0x2  Code  Wk  stm32h7xx_hal_tim.o [4]
HOLD_CORE_IRQHandler     0x810'42f1         Code  Wk  startup_stm32h745xx_CM4.o [1]
HRTIM1_FLT_IRQHandler    0x810'425d         Code  Wk  startup_stm32h745xx_CM4.o [1]
HRTIM1_Master_IRQHandler
                         0x810'4245         Code  Wk  startup_stm32h745xx_CM4.o [1]
HRTIM1_TIMA_IRQHandler   0x810'4249         Code  Wk  startup_stm32h745xx_CM4.o [1]
HRTIM1_TIMB_IRQHandler   0x810'424d         Code  Wk  startup_stm32h745xx_CM4.o [1]
HRTIM1_TIMC_IRQHandler   0x810'4251         Code  Wk  startup_stm32h745xx_CM4.o [1]
HRTIM1_TIMD_IRQHandler   0x810'4255         Code  Wk  startup_stm32h745xx_CM4.o [1]
HRTIM1_TIME_IRQHandler   0x810'4259         Code  Wk  startup_stm32h745xx_CM4.o [1]
HSEM1_IRQHandler         0x810'4299         Code  Wk  startup_stm32h745xx_CM4.o [1]
HSEM2_IRQHandler         0x810'429d         Code  Wk  startup_stm32h745xx_CM4.o [1]
HardFault_Handler        0x810'3f6b    0x2  Code  Gb  stm32h7xx_it.o [2]
I2C1_ER_IRQHandler       0x810'4139         Code  Wk  startup_stm32h745xx_CM4.o [1]
I2C1_EV_IRQHandler       0x810'4135         Code  Wk  startup_stm32h745xx_CM4.o [1]
I2C2_ER_IRQHandler       0x810'4141         Code  Wk  startup_stm32h745xx_CM4.o [1]
I2C2_EV_IRQHandler       0x810'413d         Code  Wk  startup_stm32h745xx_CM4.o [1]
I2C3_ER_IRQHandler       0x810'41d1         Code  Wk  startup_stm32h745xx_CM4.o [1]
I2C3_EV_IRQHandler       0x810'41cd         Code  Wk  startup_stm32h745xx_CM4.o [1]
I2C4_ER_IRQHandler       0x810'4229         Code  Wk  startup_stm32h745xx_CM4.o [1]
I2C4_EV_IRQHandler       0x810'4225         Code  Wk  startup_stm32h745xx_CM4.o [1]
JPEG_IRQHandler          0x810'428d         Code  Wk  startup_stm32h745xx_CM4.o [1]
LL_ADC_REG_IsTriggerSourceSWStart
                         0x810'245d    0xe  Code  Lc  stm32h7xx_hal_adc.o [4]
LL_ADC_SetChannelSamplingTime
                         0x810'246b   0x24  Code  Lc  stm32h7xx_hal_adc.o [4]
LPTIM1_IRQHandler        0x810'421d         Code  Wk  startup_stm32h745xx_CM4.o [1]
LPTIM2_IRQHandler        0x810'42cd         Code  Wk  startup_stm32h745xx_CM4.o [1]
LPTIM3_IRQHandler        0x810'42d1         Code  Wk  startup_stm32h745xx_CM4.o [1]
LPTIM4_IRQHandler        0x810'42d5         Code  Wk  startup_stm32h745xx_CM4.o [1]
LPTIM5_IRQHandler        0x810'42d9         Code  Wk  startup_stm32h745xx_CM4.o [1]
LPUART1_IRQHandler       0x810'42dd         Code  Wk  startup_stm32h745xx_CM4.o [1]
LTDC_ER_IRQHandler       0x810'420d         Code  Wk  startup_stm32h745xx_CM4.o [1]
LTDC_IRQHandler          0x810'4209         Code  Wk  startup_stm32h745xx_CM4.o [1]
MDIOS_IRQHandler         0x810'4289         Code  Wk  startup_stm32h745xx_CM4.o [1]
MDIOS_WKUP_IRQHandler    0x810'4285         Code  Wk  startup_stm32h745xx_CM4.o [1]
MDMA_IRQHandler          0x810'4291         Code  Wk  startup_stm32h745xx_CM4.o [1]
MX_ADC3_Init             0x810'2d65   0x82  Code  Gb  adc.o [2]
MX_DMA_Init              0x810'3485   0x30  Code  Gb  dma.o [2]
MX_GPIO_Init             0x810'34b5   0x90  Code  Gb  gpio.o [2]
MX_TIM2_Init             0x810'3561   0x7a  Code  Gb  tim.o [2]
MemManage_Handler        0x810'3f6d    0x2  Code  Gb  stm32h7xx_it.o [2]
NMI_Handler              0x810'3f69    0x2  Code  Gb  stm32h7xx_it.o [2]
OTG_FS_EP1_IN_IRQHandler
                         0x810'4235         Code  Wk  startup_stm32h745xx_CM4.o [1]
OTG_FS_EP1_OUT_IRQHandler
                         0x810'4231         Code  Wk  startup_stm32h745xx_CM4.o [1]
OTG_FS_IRQHandler        0x810'423d         Code  Wk  startup_stm32h745xx_CM4.o [1]
OTG_FS_WKUP_IRQHandler   0x810'4239         Code  Wk  startup_stm32h745xx_CM4.o [1]
OTG_HS_EP1_IN_IRQHandler
                         0x810'41d9         Code  Wk  startup_stm32h745xx_CM4.o [1]
OTG_HS_EP1_OUT_IRQHandler
                         0x810'41d5         Code  Wk  startup_stm32h745xx_CM4.o [1]
OTG_HS_IRQHandler        0x810'41e1         Code  Wk  startup_stm32h745xx_CM4.o [1]
OTG_HS_WKUP_IRQHandler   0x810'41dd         Code  Wk  startup_stm32h745xx_CM4.o [1]
PVD_AVD_IRQHandler       0x810'40c5         Code  Wk  startup_stm32h745xx_CM4.o [1]
PendSV_Handler           0x810'3f77    0x2  Code  Gb  stm32h7xx_it.o [2]
QUADSPI_IRQHandler       0x810'4219         Code  Wk  startup_stm32h745xx_CM4.o [1]
RCCEx_PLL2_Config        0x810'210d   0xa6  Code  Lc  stm32h7xx_hal_rcc_ex.o [4]
RCCEx_PLL3_Config        0x810'21b3   0xa6  Code  Lc  stm32h7xx_hal_rcc_ex.o [4]
RCC_IRQHandler           0x810'40d5         Code  Wk  startup_stm32h745xx_CM4.o [1]
RNG_IRQHandler           0x810'41e9         Code  Wk  startup_stm32h745xx_CM4.o [1]
RTC_Alarm_IRQHandler     0x810'415d         Code  Wk  startup_stm32h745xx_CM4.o [1]
RTC_WKUP_IRQHandler      0x810'40cd         Code  Wk  startup_stm32h745xx_CM4.o [1]
Region$$Table$$Base      0x810'4014          --   Gb  - Linker created -
Region$$Table$$Limit     0x810'4038          --   Gb  - Linker created -
Reset_Handler            0x810'40b1         Code  Wk  startup_stm32h745xx_CM4.o [1]
SAI1_IRQHandler          0x810'4205         Code  Wk  startup_stm32h745xx_CM4.o [1]
SAI2_IRQHandler          0x810'4215         Code  Wk  startup_stm32h745xx_CM4.o [1]
SAI3_IRQHandler          0x810'4271         Code  Wk  startup_stm32h745xx_CM4.o [1]
SAI4_IRQHandler          0x810'42ed         Code  Wk  startup_stm32h745xx_CM4.o [1]
SDMMC1_IRQHandler        0x810'4179         Code  Wk  startup_stm32h745xx_CM4.o [1]
SDMMC2_IRQHandler        0x810'4295         Code  Wk  startup_stm32h745xx_CM4.o [1]
SPDIF_RX_IRQHandler      0x810'422d         Code  Wk  startup_stm32h745xx_CM4.o [1]
SPI1_IRQHandler          0x810'4145         Code  Wk  startup_stm32h745xx_CM4.o [1]
SPI2_IRQHandler          0x810'4149         Code  Wk  startup_stm32h745xx_CM4.o [1]
SPI3_IRQHandler          0x810'4181         Code  Wk  startup_stm32h745xx_CM4.o [1]
SPI4_IRQHandler          0x810'41f9         Code  Wk  startup_stm32h745xx_CM4.o [1]
SPI5_IRQHandler          0x810'41fd         Code  Wk  startup_stm32h745xx_CM4.o [1]
SPI6_IRQHandler          0x810'4201         Code  Wk  startup_stm32h745xx_CM4.o [1]
SVC_Handler              0x810'3f73    0x2  Code  Gb  stm32h7xx_it.o [2]
SWPMI1_IRQHandler        0x810'4275         Code  Wk  startup_stm32h745xx_CM4.o [1]
SysTick_Handler          0x810'3f79    0x4  Code  Gb  stm32h7xx_it.o [2]
SystemCoreClock         0x1000'000c    0x4  Data  Gb  system_stm32h7xx_dualcore_boot_cm4_cm7.o [3]
SystemD2Clock           0x1000'0010    0x4  Data  Gb  system_stm32h7xx_dualcore_boot_cm4_cm7.o [3]
SystemInit               0x810'3fa1   0x14  Code  Gb  system_stm32h7xx_dualcore_boot_cm4_cm7.o [3]
TAMP_STAMP_IRQHandler    0x810'40c9         Code  Wk  startup_stm32h745xx_CM4.o [1]
TIM15_IRQHandler         0x810'4279         Code  Wk  startup_stm32h745xx_CM4.o [1]
TIM16_IRQHandler         0x810'427d         Code  Wk  startup_stm32h745xx_CM4.o [1]
TIM17_IRQHandler         0x810'4281         Code  Wk  startup_stm32h745xx_CM4.o [1]
TIM1_BRK_IRQHandler      0x810'411d         Code  Wk  startup_stm32h745xx_CM4.o [1]
TIM1_CC_IRQHandler       0x810'4129         Code  Wk  startup_stm32h745xx_CM4.o [1]
TIM1_TRG_COM_IRQHandler
                         0x810'4125         Code  Wk  startup_stm32h745xx_CM4.o [1]
TIM1_UP_IRQHandler       0x810'4121         Code  Wk  startup_stm32h745xx_CM4.o [1]
TIM2_IRQHandler          0x810'3f83    0x6  Code  Gb  stm32h7xx_it.o [2]
TIM3_IRQHandler          0x810'412d         Code  Wk  startup_stm32h745xx_CM4.o [1]
TIM4_IRQHandler          0x810'4131         Code  Wk  startup_stm32h745xx_CM4.o [1]
TIM5_IRQHandler          0x810'417d         Code  Wk  startup_stm32h745xx_CM4.o [1]
TIM6_DAC_IRQHandler      0x810'418d         Code  Wk  startup_stm32h745xx_CM4.o [1]
TIM7_IRQHandler          0x810'4191         Code  Wk  startup_stm32h745xx_CM4.o [1]
TIM8_BRK_TIM12_IRQHandler
                         0x810'4161         Code  Wk  startup_stm32h745xx_CM4.o [1]
TIM8_CC_IRQHandler       0x810'416d         Code  Wk  startup_stm32h745xx_CM4.o [1]
TIM8_TRG_COM_TIM14_IRQHandler
                         0x810'4169         Code  Wk  startup_stm32h745xx_CM4.o [1]
TIM8_UP_TIM13_IRQHandler
                         0x810'4165         Code  Wk  startup_stm32h745xx_CM4.o [1]
TIM_Base_SetConfig       0x810'3ae7   0xb2  Code  Gb  stm32h7xx_hal_tim.o [4]
TIM_CCxChannelCmd        0x810'3e3d   0x16  Code  Gb  stm32h7xx_hal_tim.o [4]
TIM_OC1_SetConfig        0x810'3b99   0x84  Code  Lc  stm32h7xx_hal_tim.o [4]
TIM_OC2_SetConfig        0x810'3c1d   0x7e  Code  Gb  stm32h7xx_hal_tim.o [4]
TIM_OC3_SetConfig        0x810'3c9b   0x72  Code  Lc  stm32h7xx_hal_tim.o [4]
TIM_OC4_SetConfig        0x810'3d0d   0x4e  Code  Lc  stm32h7xx_hal_tim.o [4]
TIM_OC5_SetConfig        0x810'3d5b   0x54  Code  Lc  stm32h7xx_hal_tim.o [4]
TIM_OC6_SetConfig        0x810'3db1   0x4e  Code  Lc  stm32h7xx_hal_tim.o [4]
UART4_IRQHandler         0x810'4185         Code  Wk  startup_stm32h745xx_CM4.o [1]
UART5_IRQHandler         0x810'4189         Code  Wk  startup_stm32h745xx_CM4.o [1]
UART7_IRQHandler         0x810'41f1         Code  Wk  startup_stm32h745xx_CM4.o [1]
UART8_IRQHandler         0x810'41f5         Code  Wk  startup_stm32h745xx_CM4.o [1]
USART1_IRQHandler        0x810'414d         Code  Wk  startup_stm32h745xx_CM4.o [1]
USART2_IRQHandler        0x810'4151         Code  Wk  startup_stm32h745xx_CM4.o [1]
USART3_IRQHandler        0x810'4155         Code  Wk  startup_stm32h745xx_CM4.o [1]
USART6_IRQHandler        0x810'41c9         Code  Wk  startup_stm32h745xx_CM4.o [1]
UsageFault_Handler       0x810'3f71    0x2  Code  Gb  stm32h7xx_it.o [2]
WAKEUP_PIN_IRQHandler    0x810'42f5         Code  Wk  startup_stm32h745xx_CM4.o [1]
WWDG_IRQHandler          0x810'40c1         Code  Wk  startup_stm32h745xx_CM4.o [1]
WWDG_RST_IRQHandler      0x810'42e1         Code  Wk  startup_stm32h745xx_CM4.o [1]
__NVIC_SetPriority       0x810'32b9   0x1a  Code  Lc  stm32h7xx_hal_cortex.o [4]
__aeabi_memset           0x810'33fd         Code  Gb  ABImemset.o [7]
__cmain                  0x810'4039         Code  Gb  cmain.o [7]
__exit                   0x810'406d   0x14  Code  Gb  exit.o [8]
__iar_Memset             0x810'33fd         Code  Gb  ABImemset.o [7]
__iar_Memset_word        0x810'3405         Code  Gb  ABImemset.o [7]
__iar_copy_init3         0x810'2f83   0x2a  Code  Gb  copy_init3.o [7]
__iar_data_init3         0x810'3fc9   0x28  Code  Gb  data_init.o [7]
__iar_init_vfp           0x810'3ff1         Code  Gb  fpinit_M.o [6]
__iar_program_start      0x810'4081         Code  Gb  cstartup_M.o [7]
__iar_zero_init3         0x810'3f31   0x38  Code  Gb  zero_init3.o [7]
__low_level_init         0x810'4057    0x4  Code  Gb  low_level_init.o [5]
__vector_table           0x810'0000         Data  Gb  startup_stm32h745xx_CM4.o [1]
_call_main               0x810'4045         Code  Gb  cmain.o [7]
_exit                    0x810'4061         Code  Gb  cexit.o [7]
exit                     0x810'405b    0x4  Code  Gb  exit.o [5]
hadc3                   0x1000'085c   0x64  Data  Gb  adc.o [2]
hdma_adc3               0x1000'07e4   0x78  Data  Gb  adc.o [2]
htim2                   0x1000'08c0   0x4c  Data  Gb  tim.o [2]
main                     0x810'2fad   0x94  Code  Gb  main.o [2]
memset                   0x810'2f6f   0x14  Code  Gb  memset.o [7]
rawADCValue             0x1000'0014  0x7d0  Data  Gb  main.o [2]
uwTick                  0x1000'0004    0x4  Data  Gb  stm32h7xx_hal.o [4]
uwTickFreq              0x1000'0000    0x1  Data  Gb  stm32h7xx_hal.o [4]
uwTickPrio              0x1000'0008    0x4  Data  Gb  stm32h7xx_hal.o [4]


[1] = D:\Progr\doubleCore\single\doubleCore\EWARM\single_CM4\Obj\Application\EWARM
[2] = D:\Progr\doubleCore\single\doubleCore\EWARM\single_CM4\Obj\Application\User\CM4\Core
[3] = D:\Progr\doubleCore\single\doubleCore\EWARM\single_CM4\Obj\Drivers\CMSIS
[4] = D:\Progr\doubleCore\single\doubleCore\EWARM\single_CM4\Obj\Drivers\STM32H7xx_HAL_Driver
[5] = dl7M_tln.a
[6] = m7M_tls.a
[7] = rt7M_tl.a
[8] = shb_l.a

  17'086 bytes of readonly  code memory
      58 bytes of readonly  data memory
   3'340 bytes of readwrite data memory

Errors: none
Warnings: none
