###############################################################################
#
# IAR ELF Linker V9.30.1.335/W64 for ARM                  30/Jan/2023  13:41:41
# Copyright 2007-2022 IAR Systems AB.
#
#    Output file  =
#        D:\Progr\doubleCore\single\doubleCore\EWARM\single_CM7\Exe\single_CM7.out
#    Map file     =
#        D:\Progr\doubleCore\single\doubleCore\EWARM\single_CM7\List\single_CM7.map
#    Command line =
#        -f
#        D:\Progr\doubleCore\single\doubleCore\EWARM\single_CM7\Exe\single_CM7.out.rsp
#        (D:\Progr\doubleCore\single\doubleCore\EWARM\single_CM7\Obj\Application\User\CM7\Core\adc.o
#        D:\Progr\doubleCore\single\doubleCore\EWARM\single_CM7\Obj\Application\User\CM7\Core\dma.o
#        D:\Progr\doubleCore\single\doubleCore\EWARM\single_CM7\Obj\Application\User\CM7\Core\gpio.o
#        D:\Progr\doubleCore\single\doubleCore\EWARM\single_CM7\Obj\Application\User\CM7\Core\main.o
#        D:\Progr\doubleCore\single\doubleCore\EWARM\single_CM7\Obj\Application\EWARM\startup_stm32h745xx_CM7.o
#        D:\Progr\doubleCore\single\doubleCore\EWARM\single_CM7\Obj\Drivers\STM32H7xx_HAL_Driver\stm32h7xx_hal.o
#        D:\Progr\doubleCore\single\doubleCore\EWARM\single_CM7\Obj\Drivers\STM32H7xx_HAL_Driver\stm32h7xx_hal_adc.o
#        D:\Progr\doubleCore\single\doubleCore\EWARM\single_CM7\Obj\Drivers\STM32H7xx_HAL_Driver\stm32h7xx_hal_adc_ex.o
#        D:\Progr\doubleCore\single\doubleCore\EWARM\single_CM7\Obj\Drivers\STM32H7xx_HAL_Driver\stm32h7xx_hal_cortex.o
#        D:\Progr\doubleCore\single\doubleCore\EWARM\single_CM7\Obj\Drivers\STM32H7xx_HAL_Driver\stm32h7xx_hal_dma.o
#        D:\Progr\doubleCore\single\doubleCore\EWARM\single_CM7\Obj\Drivers\STM32H7xx_HAL_Driver\stm32h7xx_hal_dma_ex.o
#        D:\Progr\doubleCore\single\doubleCore\EWARM\single_CM7\Obj\Drivers\STM32H7xx_HAL_Driver\stm32h7xx_hal_exti.o
#        D:\Progr\doubleCore\single\doubleCore\EWARM\single_CM7\Obj\Drivers\STM32H7xx_HAL_Driver\stm32h7xx_hal_flash.o
#        D:\Progr\doubleCore\single\doubleCore\EWARM\single_CM7\Obj\Drivers\STM32H7xx_HAL_Driver\stm32h7xx_hal_flash_ex.o
#        D:\Progr\doubleCore\single\doubleCore\EWARM\single_CM7\Obj\Drivers\STM32H7xx_HAL_Driver\stm32h7xx_hal_gpio.o
#        D:\Progr\doubleCore\single\doubleCore\EWARM\single_CM7\Obj\Drivers\STM32H7xx_HAL_Driver\stm32h7xx_hal_hsem.o
#        D:\Progr\doubleCore\single\doubleCore\EWARM\single_CM7\Obj\Drivers\STM32H7xx_HAL_Driver\stm32h7xx_hal_i2c.o
#        D:\Progr\doubleCore\single\doubleCore\EWARM\single_CM7\Obj\Drivers\STM32H7xx_HAL_Driver\stm32h7xx_hal_i2c_ex.o
#        D:\Progr\doubleCore\single\doubleCore\EWARM\single_CM7\Obj\Drivers\STM32H7xx_HAL_Driver\stm32h7xx_hal_mdma.o
#        D:\Progr\doubleCore\single\doubleCore\EWARM\single_CM7\Obj\Application\User\CM7\Core\stm32h7xx_hal_msp.o
#        D:\Progr\doubleCore\single\doubleCore\EWARM\single_CM7\Obj\Drivers\STM32H7xx_HAL_Driver\stm32h7xx_hal_pwr.o
#        D:\Progr\doubleCore\single\doubleCore\EWARM\single_CM7\Obj\Drivers\STM32H7xx_HAL_Driver\stm32h7xx_hal_pwr_ex.o
#        D:\Progr\doubleCore\single\doubleCore\EWARM\single_CM7\Obj\Drivers\STM32H7xx_HAL_Driver\stm32h7xx_hal_rcc.o
#        D:\Progr\doubleCore\single\doubleCore\EWARM\single_CM7\Obj\Drivers\STM32H7xx_HAL_Driver\stm32h7xx_hal_rcc_ex.o
#        D:\Progr\doubleCore\single\doubleCore\EWARM\single_CM7\Obj\Drivers\STM32H7xx_HAL_Driver\stm32h7xx_hal_tim.o
#        D:\Progr\doubleCore\single\doubleCore\EWARM\single_CM7\Obj\Drivers\STM32H7xx_HAL_Driver\stm32h7xx_hal_tim_ex.o
#        D:\Progr\doubleCore\single\doubleCore\EWARM\single_CM7\Obj\Application\User\CM7\Core\stm32h7xx_it.o
#        D:\Progr\doubleCore\single\doubleCore\EWARM\single_CM7\Obj\Drivers\CMSIS\system_stm32h7xx_dualcore_boot_cm4_cm7.o
#        D:\Progr\doubleCore\single\doubleCore\EWARM\single_CM7\Obj\Application\User\CM7\Core\tim.o
#        --no_out_extension -o
#        D:\Progr\doubleCore\single\doubleCore\EWARM\single_CM7\Exe\single_CM7.out
#        --redirect _Printf=_PrintfFullNoMb --redirect _Scanf=_ScanfFullNoMb
#        --map
#        D:\Progr\doubleCore\single\doubleCore\EWARM\single_CM7\List\single_CM7.map
#        --config
#        D:\Progr\doubleCore\single\doubleCore\EWARM/stm32h745xx_flash_CM7.icf
#        --semihosting --entry __iar_program_start --vfe --text_out locale
#        --cpu=Cortex-M7 --fpu=VFPv5_d16)
#
###############################################################################

*******************************************************************************
*** RUNTIME MODEL ATTRIBUTES
***

CppFlavor       = *
__CPP_Runtime   = 1
__SystemLibrary = DLib
__dlib_version  = 6


*******************************************************************************
*** HEAP SELECTION
***

The basic heap was selected because --advanced_heap
was not specified and the application did not appear to
be primarily optimized for speed.


*******************************************************************************
*** PLACEMENT SUMMARY
***

"A0":  place at address 0x800'0000 { ro section .intvec };
"P1":  place in [from 0x800'0000 to 0x80f'ffff] { ro };
define block CSTACK with size = 1K, alignment = 8 { };
define block HEAP with size = 512, alignment = 8 { };
"P2":  place in [from 0x2400'0000 to 0x2407'ffff] {
          rw, block CSTACK, block HEAP };
initialize by copy { rw };

  Section            Kind         Address    Size  Object
  -------            ----         -------    ----  ------
"A0":                                       0x298
  .intvec            ro code   0x800'0000   0x298  startup_stm32h745xx_CM7.o [1]
                             - 0x800'0298   0x298

"P1":                                      0x1714
  .text              ro code   0x800'0298   0x4dc  stm32h7xx_hal_tim.o [4]
  .text              ro code   0x800'0774    0xa0  tim.o [2]
  .text              ro code   0x800'0814    0x14  memset.o [7]
  .text              ro code   0x800'0828   0x14c  main.o [2]
  .text              ro code   0x800'0974    0xa0  stm32h7xx_hal_tim_ex.o [4]
  .text              ro code   0x800'0a14    0x66  ABImemset.o [7]
  .text              ro code   0x800'0a7a    0x2a  copy_init3.o [7]
  .text              ro code   0x800'0aa4    0x68  stm32h7xx_hal.o [4]
  .text              ro code   0x800'0b0c    0x2c  stm32h7xx_hal_hsem.o [4]
  .text              ro code   0x800'0b38    0x30  gpio.o [2]
  .text              ro code   0x800'0b68    0x20  dma.o [2]
  .text              ro code   0x800'0b88    0x78  stm32h7xx_hal_pwr_ex.o [4]
  .text              ro code   0x800'0c00   0x4d8  stm32h7xx_hal_rcc.o [4]
  .text              ro code   0x800'10d8   0x33c  stm32h7xx_hal_rcc.o [4]
  .text              ro code   0x800'1414    0xac  stm32h7xx_hal_cortex.o [4]
  .text              ro code   0x800'14c0    0x44  stm32h7xx_hal.o [4]
  .text              ro code   0x800'1504    0x20  stm32h7xx_hal_msp.o [2]
  .text              ro code   0x800'1524     0xc  stm32h7xx_hal.o [4]
  .text              ro code   0x800'1530    0xe8  system_stm32h7xx_dualcore_boot_cm4_cm7.o [3]
  .text              ro code   0x800'1618    0x38  zero_init3.o [7]
  .text              ro code   0x800'1650    0x28  data_init.o [7]
  .text              ro code   0x800'1678    0x22  fpinit_M.o [6]
  .iar.init_table    const     0x800'169c    0x24  - Linker created -
  .text              ro code   0x800'16c0    0x1e  cmain.o [7]
  .text              ro code   0x800'16de     0x4  low_level_init.o [5]
  .text              ro code   0x800'16e2     0x4  exit.o [5]
  .text              ro code   0x800'16e8     0xa  cexit.o [7]
  .text              ro code   0x800'16f4    0x14  exit.o [8]
  .text              ro code   0x800'1708    0x1c  cstartup_M.o [7]
  .text              ro code   0x800'1724    0x14  stm32h7xx_it.o [2]
  .text              ro code   0x800'1738    0x10  stm32h7xx_hal.o [4]
  Initializer bytes  const     0x800'1748    0x14  <for P2-1>
  .text              ro code   0x800'175c    0x10  startup_stm32h745xx_CM7.o [1]
  .text              ro code   0x800'176c     0x4  startup_stm32h745xx_CM7.o [1]
  .text              ro code   0x800'1770     0x4  startup_stm32h745xx_CM7.o [1]
  .text              ro code   0x800'1774     0x4  startup_stm32h745xx_CM7.o [1]
  .text              ro code   0x800'1778     0x4  startup_stm32h745xx_CM7.o [1]
  .text              ro code   0x800'177c     0x4  startup_stm32h745xx_CM7.o [1]
  .text              ro code   0x800'1780     0x4  startup_stm32h745xx_CM7.o [1]
  .text              ro code   0x800'1784     0x4  startup_stm32h745xx_CM7.o [1]
  .text              ro code   0x800'1788     0x4  startup_stm32h745xx_CM7.o [1]
  .text              ro code   0x800'178c     0x4  startup_stm32h745xx_CM7.o [1]
  .text              ro code   0x800'1790     0x4  startup_stm32h745xx_CM7.o [1]
  .text              ro code   0x800'1794     0x4  startup_stm32h745xx_CM7.o [1]
  .text              ro code   0x800'1798     0x4  startup_stm32h745xx_CM7.o [1]
  .text              ro code   0x800'179c     0x4  startup_stm32h745xx_CM7.o [1]
  .text              ro code   0x800'17a0     0x4  startup_stm32h745xx_CM7.o [1]
  .text              ro code   0x800'17a4     0x4  startup_stm32h745xx_CM7.o [1]
  .text              ro code   0x800'17a8     0x4  startup_stm32h745xx_CM7.o [1]
  .text              ro code   0x800'17ac     0x4  startup_stm32h745xx_CM7.o [1]
  .text              ro code   0x800'17b0     0x4  startup_stm32h745xx_CM7.o [1]
  .text              ro code   0x800'17b4     0x4  startup_stm32h745xx_CM7.o [1]
  .text              ro code   0x800'17b8     0x4  startup_stm32h745xx_CM7.o [1]
  .text              ro code   0x800'17bc     0x4  startup_stm32h745xx_CM7.o [1]
  .text              ro code   0x800'17c0     0x4  startup_stm32h745xx_CM7.o [1]
  .text              ro code   0x800'17c4     0x4  startup_stm32h745xx_CM7.o [1]
  .text              ro code   0x800'17c8     0x4  startup_stm32h745xx_CM7.o [1]
  .text              ro code   0x800'17cc     0x4  startup_stm32h745xx_CM7.o [1]
  .text              ro code   0x800'17d0     0x4  startup_stm32h745xx_CM7.o [1]
  .text              ro code   0x800'17d4     0x4  startup_stm32h745xx_CM7.o [1]
  .text              ro code   0x800'17d8     0x4  startup_stm32h745xx_CM7.o [1]
  .text              ro code   0x800'17dc     0x4  startup_stm32h745xx_CM7.o [1]
  .text              ro code   0x800'17e0     0x4  startup_stm32h745xx_CM7.o [1]
  .text              ro code   0x800'17e4     0x4  startup_stm32h745xx_CM7.o [1]
  .text              ro code   0x800'17e8     0x4  startup_stm32h745xx_CM7.o [1]
  .text              ro code   0x800'17ec     0x4  startup_stm32h745xx_CM7.o [1]
  .text              ro code   0x800'17f0     0x4  startup_stm32h745xx_CM7.o [1]
  .text              ro code   0x800'17f4     0x4  startup_stm32h745xx_CM7.o [1]
  .text              ro code   0x800'17f8     0x4  startup_stm32h745xx_CM7.o [1]
  .text              ro code   0x800'17fc     0x4  startup_stm32h745xx_CM7.o [1]
  .text              ro code   0x800'1800     0x4  startup_stm32h745xx_CM7.o [1]
  .text              ro code   0x800'1804     0x4  startup_stm32h745xx_CM7.o [1]
  .text              ro code   0x800'1808     0x4  startup_stm32h745xx_CM7.o [1]
  .text              ro code   0x800'180c     0x4  startup_stm32h745xx_CM7.o [1]
  .text              ro code   0x800'1810     0x4  startup_stm32h745xx_CM7.o [1]
  .text              ro code   0x800'1814     0x4  startup_stm32h745xx_CM7.o [1]
  .text              ro code   0x800'1818     0x4  startup_stm32h745xx_CM7.o [1]
  .text              ro code   0x800'181c     0x4  startup_stm32h745xx_CM7.o [1]
  .text              ro code   0x800'1820     0x4  startup_stm32h745xx_CM7.o [1]
  .text              ro code   0x800'1824     0x4  startup_stm32h745xx_CM7.o [1]
  .text              ro code   0x800'1828     0x4  startup_stm32h745xx_CM7.o [1]
  .text              ro code   0x800'182c     0x4  startup_stm32h745xx_CM7.o [1]
  .text              ro code   0x800'1830     0x4  startup_stm32h745xx_CM7.o [1]
  .text              ro code   0x800'1834     0x4  startup_stm32h745xx_CM7.o [1]
  .text              ro code   0x800'1838     0x4  startup_stm32h745xx_CM7.o [1]
  .text              ro code   0x800'183c     0x4  startup_stm32h745xx_CM7.o [1]
  .text              ro code   0x800'1840     0x4  startup_stm32h745xx_CM7.o [1]
  .text              ro code   0x800'1844     0x4  startup_stm32h745xx_CM7.o [1]
  .text              ro code   0x800'1848     0x4  startup_stm32h745xx_CM7.o [1]
  .text              ro code   0x800'184c     0x4  startup_stm32h745xx_CM7.o [1]
  .text              ro code   0x800'1850     0x4  startup_stm32h745xx_CM7.o [1]
  .text              ro code   0x800'1854     0x4  startup_stm32h745xx_CM7.o [1]
  .text              ro code   0x800'1858     0x4  startup_stm32h745xx_CM7.o [1]
  .text              ro code   0x800'185c     0x4  startup_stm32h745xx_CM7.o [1]
  .text              ro code   0x800'1860     0x4  startup_stm32h745xx_CM7.o [1]
  .text              ro code   0x800'1864     0x4  startup_stm32h745xx_CM7.o [1]
  .text              ro code   0x800'1868     0x4  startup_stm32h745xx_CM7.o [1]
  .text              ro code   0x800'186c     0x4  startup_stm32h745xx_CM7.o [1]
  .text              ro code   0x800'1870     0x4  startup_stm32h745xx_CM7.o [1]
  .text              ro code   0x800'1874     0x4  startup_stm32h745xx_CM7.o [1]
  .text              ro code   0x800'1878     0x4  startup_stm32h745xx_CM7.o [1]
  .text              ro code   0x800'187c     0x4  startup_stm32h745xx_CM7.o [1]
  .text              ro code   0x800'1880     0x4  startup_stm32h745xx_CM7.o [1]
  .text              ro code   0x800'1884     0x4  startup_stm32h745xx_CM7.o [1]
  .text              ro code   0x800'1888     0x4  startup_stm32h745xx_CM7.o [1]
  .text              ro code   0x800'188c     0x4  startup_stm32h745xx_CM7.o [1]
  .text              ro code   0x800'1890     0x4  startup_stm32h745xx_CM7.o [1]
  .text              ro code   0x800'1894     0x4  startup_stm32h745xx_CM7.o [1]
  .text              ro code   0x800'1898     0x4  startup_stm32h745xx_CM7.o [1]
  .text              ro code   0x800'189c     0x4  startup_stm32h745xx_CM7.o [1]
  .text              ro code   0x800'18a0     0x4  startup_stm32h745xx_CM7.o [1]
  .text              ro code   0x800'18a4     0x4  startup_stm32h745xx_CM7.o [1]
  .text              ro code   0x800'18a8     0x4  startup_stm32h745xx_CM7.o [1]
  .text              ro code   0x800'18ac     0x4  startup_stm32h745xx_CM7.o [1]
  .text              ro code   0x800'18b0     0x4  startup_stm32h745xx_CM7.o [1]
  .text              ro code   0x800'18b4     0x4  startup_stm32h745xx_CM7.o [1]
  .text              ro code   0x800'18b8     0x4  startup_stm32h745xx_CM7.o [1]
  .text              ro code   0x800'18bc     0x4  startup_stm32h745xx_CM7.o [1]
  .text              ro code   0x800'18c0     0x4  startup_stm32h745xx_CM7.o [1]
  .text              ro code   0x800'18c4     0x4  startup_stm32h745xx_CM7.o [1]
  .text              ro code   0x800'18c8     0x4  startup_stm32h745xx_CM7.o [1]
  .text              ro code   0x800'18cc     0x4  startup_stm32h745xx_CM7.o [1]
  .text              ro code   0x800'18d0     0x4  startup_stm32h745xx_CM7.o [1]
  .text              ro code   0x800'18d4     0x4  startup_stm32h745xx_CM7.o [1]
  .text              ro code   0x800'18d8     0x4  startup_stm32h745xx_CM7.o [1]
  .text              ro code   0x800'18dc     0x4  startup_stm32h745xx_CM7.o [1]
  .text              ro code   0x800'18e0     0x4  startup_stm32h745xx_CM7.o [1]
  .text              ro code   0x800'18e4     0x4  startup_stm32h745xx_CM7.o [1]
  .text              ro code   0x800'18e8     0x4  startup_stm32h745xx_CM7.o [1]
  .text              ro code   0x800'18ec     0x4  startup_stm32h745xx_CM7.o [1]
  .text              ro code   0x800'18f0     0x4  startup_stm32h745xx_CM7.o [1]
  .text              ro code   0x800'18f4     0x4  startup_stm32h745xx_CM7.o [1]
  .text              ro code   0x800'18f8     0x4  startup_stm32h745xx_CM7.o [1]
  .text              ro code   0x800'18fc     0x4  startup_stm32h745xx_CM7.o [1]
  .text              ro code   0x800'1900     0x4  startup_stm32h745xx_CM7.o [1]
  .text              ro code   0x800'1904     0x4  startup_stm32h745xx_CM7.o [1]
  .text              ro code   0x800'1908     0x4  startup_stm32h745xx_CM7.o [1]
  .text              ro code   0x800'190c     0x4  startup_stm32h745xx_CM7.o [1]
  .text              ro code   0x800'1910     0x4  startup_stm32h745xx_CM7.o [1]
  .text              ro code   0x800'1914     0x4  startup_stm32h745xx_CM7.o [1]
  .text              ro code   0x800'1918     0x4  startup_stm32h745xx_CM7.o [1]
  .text              ro code   0x800'191c     0x4  startup_stm32h745xx_CM7.o [1]
  .text              ro code   0x800'1920     0x4  startup_stm32h745xx_CM7.o [1]
  .text              ro code   0x800'1924     0x4  startup_stm32h745xx_CM7.o [1]
  .text              ro code   0x800'1928     0x4  startup_stm32h745xx_CM7.o [1]
  .text              ro code   0x800'192c     0x4  startup_stm32h745xx_CM7.o [1]
  .text              ro code   0x800'1930     0x4  startup_stm32h745xx_CM7.o [1]
  .text              ro code   0x800'1934     0x4  startup_stm32h745xx_CM7.o [1]
  .text              ro code   0x800'1938     0x4  startup_stm32h745xx_CM7.o [1]
  .text              ro code   0x800'193c     0x4  startup_stm32h745xx_CM7.o [1]
  .text              ro code   0x800'1940     0x4  startup_stm32h745xx_CM7.o [1]
  .text              ro code   0x800'1944     0x4  startup_stm32h745xx_CM7.o [1]
  .text              ro code   0x800'1948     0x4  startup_stm32h745xx_CM7.o [1]
  .text              ro code   0x800'194c     0x4  startup_stm32h745xx_CM7.o [1]
  .text              ro code   0x800'1950     0x4  startup_stm32h745xx_CM7.o [1]
  .text              ro code   0x800'1954     0x4  startup_stm32h745xx_CM7.o [1]
  .text              ro code   0x800'1958     0x4  startup_stm32h745xx_CM7.o [1]
  .text              ro code   0x800'195c     0x4  startup_stm32h745xx_CM7.o [1]
  .text              ro code   0x800'1960     0x4  startup_stm32h745xx_CM7.o [1]
  .text              ro code   0x800'1964     0x4  startup_stm32h745xx_CM7.o [1]
  .text              ro code   0x800'1968     0x4  startup_stm32h745xx_CM7.o [1]
  .text              ro code   0x800'196c     0x4  startup_stm32h745xx_CM7.o [1]
  .text              ro code   0x800'1970     0x4  startup_stm32h745xx_CM7.o [1]
  .text              ro code   0x800'1974     0x4  startup_stm32h745xx_CM7.o [1]
  .text              ro code   0x800'1978     0x4  startup_stm32h745xx_CM7.o [1]
  .text              ro code   0x800'197c     0x4  startup_stm32h745xx_CM7.o [1]
  .text              ro code   0x800'1980     0x4  startup_stm32h745xx_CM7.o [1]
  .text              ro code   0x800'1984     0x4  startup_stm32h745xx_CM7.o [1]
  .text              ro code   0x800'1988     0x4  startup_stm32h745xx_CM7.o [1]
  .text              ro code   0x800'198c     0x4  startup_stm32h745xx_CM7.o [1]
  .text              ro code   0x800'1990     0x4  startup_stm32h745xx_CM7.o [1]
  .text              ro code   0x800'1994     0x4  startup_stm32h745xx_CM7.o [1]
  .text              ro code   0x800'1998     0x4  startup_stm32h745xx_CM7.o [1]
  .text              ro code   0x800'199c     0x4  startup_stm32h745xx_CM7.o [1]
  .text              ro code   0x800'19a0     0x4  startup_stm32h745xx_CM7.o [1]
  .text              ro code   0x800'19a4     0x4  startup_stm32h745xx_CM7.o [1]
  .text              ro code   0x800'19a8     0x4  startup_stm32h745xx_CM7.o [1]
  .rodata            const     0x800'19ac     0x0  zero_init3.o [7]
  .rodata            const     0x800'19ac     0x0  copy_init3.o [7]
                             - 0x800'19ac  0x1714

"P2", part 1 of 3:                           0x14
  P2-1                        0x2400'0000    0x14  <Init block>
    .data            inited   0x2400'0000     0xc  stm32h7xx_hal.o [4]
    .data            inited   0x2400'000c     0x8  system_stm32h7xx_dualcore_boot_cm4_cm7.o [3]
                            - 0x2400'0014    0x14

"P2", part 2 of 3:                           0x4c
  .bss               zero     0x2400'0014    0x4c  tim.o [2]
                            - 0x2400'0060    0x4c

"P2", part 3 of 3:                          0x400
  CSTACK                      0x2400'0060   0x400  <Block>
    CSTACK           uninit   0x2400'0060   0x400  <Block tail>
                            - 0x2400'0460   0x400

Unused ranges:

         From           To      Size
         ----           --      ----
   0x800'19ac   0x80f'ffff  0xf'e654
  0x2400'0460  0x2407'ffff  0x7'fba0


*******************************************************************************
*** INIT TABLE
***

          Address      Size
          -------      ----
Zero (__iar_zero_init3)
    1 destination range, total size 0x4c:
          0x2400'0014  0x4c

Copy (__iar_copy_init3)
    1 source range, total size 0x14:
           0x800'1748  0x14
    1 destination range, total size 0x14:
          0x2400'0000  0x14



*******************************************************************************
*** MODULE SUMMARY
***

    Module                                    ro code  ro data  rw data
    ------                                    -------  -------  -------
command line/config:
    -------------------------------------------------------------------
    Total:

D:\Progr\doubleCore\single\doubleCore\EWARM\single_CM7\Obj\Application\EWARM: [1]
    startup_stm32h745xx_CM7.o                   1'256
    -------------------------------------------------------------------
    Total:                                      1'256

D:\Progr\doubleCore\single\doubleCore\EWARM\single_CM7\Obj\Application\User\CM7\Core: [2]
    dma.o                                          32
    gpio.o                                         48
    main.o                                        332
    stm32h7xx_hal_msp.o                            32
    stm32h7xx_it.o                                 20
    tim.o                                         160                76
    -------------------------------------------------------------------
    Total:                                        624                76

D:\Progr\doubleCore\single\doubleCore\EWARM\single_CM7\Obj\Drivers\CMSIS: [3]
    system_stm32h7xx_dualcore_boot_cm4_cm7.o      232        8        8
    -------------------------------------------------------------------
    Total:                                        232        8        8

D:\Progr\doubleCore\single\doubleCore\EWARM\single_CM7\Obj\Drivers\STM32H7xx_HAL_Driver: [4]
    stm32h7xx_hal.o                               200       12       12
    stm32h7xx_hal_cortex.o                        172
    stm32h7xx_hal_hsem.o                           44
    stm32h7xx_hal_pwr_ex.o                        120
    stm32h7xx_hal_rcc.o                         2'068
    stm32h7xx_hal_tim.o                         1'244
    stm32h7xx_hal_tim_ex.o                        160
    -------------------------------------------------------------------
    Total:                                      4'008       12       12

dl7M_tln.a: [5]
    exit.o                                          4
    low_level_init.o                                4
    -------------------------------------------------------------------
    Total:                                          8

m7M_tlv.a: [6]
    fpinit_M.o                                     34
    -------------------------------------------------------------------
    Total:                                         34

rt7M_tl.a: [7]
    ABImemset.o                                   102
    cexit.o                                        10
    cmain.o                                        30
    copy_init3.o                                   42
    cstartup_M.o                                   28
    data_init.o                                    40
    memset.o                                       20
    zero_init3.o                                   56
    -------------------------------------------------------------------
    Total:                                        328

shb_l.a: [8]
    exit.o                                         20
    -------------------------------------------------------------------
    Total:                                         20

    Gaps                                            4        2
    Linker created                                          36    1'024
-----------------------------------------------------------------------
    Grand Total:                                6'514       58    1'120


*******************************************************************************
*** ENTRY LIST
***

Entry                       Address   Size  Type      Object
-----                       -------   ----  ----      ------
.iar.init_table$$Base    0x800'169c          --   Gb  - Linker created -
.iar.init_table$$Limit   0x800'16c0          --   Gb  - Linker created -
?main                    0x800'16c1         Code  Gb  cmain.o [7]
ADC3_IRQHandler          0x800'1955         Code  Wk  startup_stm32h745xx_CM7.o [1]
ADC_IRQHandler           0x800'17b5         Code  Wk  startup_stm32h745xx_CM7.o [1]
BDMA_Channel0_IRQHandler
                         0x800'195d         Code  Wk  startup_stm32h745xx_CM7.o [1]
BDMA_Channel1_IRQHandler
                         0x800'1961         Code  Wk  startup_stm32h745xx_CM7.o [1]
BDMA_Channel2_IRQHandler
                         0x800'1965         Code  Wk  startup_stm32h745xx_CM7.o [1]
BDMA_Channel3_IRQHandler
                         0x800'1969         Code  Wk  startup_stm32h745xx_CM7.o [1]
BDMA_Channel4_IRQHandler
                         0x800'196d         Code  Wk  startup_stm32h745xx_CM7.o [1]
BDMA_Channel5_IRQHandler
                         0x800'1971         Code  Wk  startup_stm32h745xx_CM7.o [1]
BDMA_Channel6_IRQHandler
                         0x800'1975         Code  Wk  startup_stm32h745xx_CM7.o [1]
BDMA_Channel7_IRQHandler
                         0x800'1979         Code  Wk  startup_stm32h745xx_CM7.o [1]
BusFault_Handler         0x800'172b    0x2  Code  Gb  stm32h7xx_it.o [2]
CEC_IRQHandler           0x800'18d5         Code  Wk  startup_stm32h745xx_CM7.o [1]
CM4_SEV_IRQHandler       0x800'186d         Code  Wk  startup_stm32h745xx_CM7.o [1]
CM7_SEV_IRQHandler       0x800'1869         Code  Wk  startup_stm32h745xx_CM7.o [1]
COMP1_IRQHandler         0x800'197d         Code  Wk  startup_stm32h745xx_CM7.o [1]
CRS_IRQHandler           0x800'1999         Code  Wk  startup_stm32h745xx_CM7.o [1]
CSTACK$$Base            0x2400'0060          --   Gb  - Linker created -
CSTACK$$Limit           0x2400'0460          --   Gb  - Linker created -
D1CorePrescTable         0x800'1608   0x10  Data  Gb  system_stm32h7xx_dualcore_boot_cm4_cm7.o [3]
DCMI_IRQHandler          0x800'1899         Code  Wk  startup_stm32h745xx_CM7.o [1]
DFSDM1_FLT0_IRQHandler   0x800'1915         Code  Wk  startup_stm32h745xx_CM7.o [1]
DFSDM1_FLT1_IRQHandler   0x800'1919         Code  Wk  startup_stm32h745xx_CM7.o [1]
DFSDM1_FLT2_IRQHandler   0x800'191d         Code  Wk  startup_stm32h745xx_CM7.o [1]
DFSDM1_FLT3_IRQHandler   0x800'1921         Code  Wk  startup_stm32h745xx_CM7.o [1]
DMA1_Stream0_IRQHandler
                         0x800'1799         Code  Wk  startup_stm32h745xx_CM7.o [1]
DMA1_Stream1_IRQHandler
                         0x800'179d         Code  Wk  startup_stm32h745xx_CM7.o [1]
DMA1_Stream2_IRQHandler
                         0x800'17a1         Code  Wk  startup_stm32h745xx_CM7.o [1]
DMA1_Stream3_IRQHandler
                         0x800'17a5         Code  Wk  startup_stm32h745xx_CM7.o [1]
DMA1_Stream4_IRQHandler
                         0x800'17a9         Code  Wk  startup_stm32h745xx_CM7.o [1]
DMA1_Stream5_IRQHandler
                         0x800'17ad         Code  Wk  startup_stm32h745xx_CM7.o [1]
DMA1_Stream6_IRQHandler
                         0x800'17b1         Code  Wk  startup_stm32h745xx_CM7.o [1]
DMA1_Stream7_IRQHandler
                         0x800'1825         Code  Wk  startup_stm32h745xx_CM7.o [1]
DMA2D_IRQHandler         0x800'18c5         Code  Wk  startup_stm32h745xx_CM7.o [1]
DMA2_Stream0_IRQHandler
                         0x800'1849         Code  Wk  startup_stm32h745xx_CM7.o [1]
DMA2_Stream1_IRQHandler
                         0x800'184d         Code  Wk  startup_stm32h745xx_CM7.o [1]
DMA2_Stream2_IRQHandler
                         0x800'1851         Code  Wk  startup_stm32h745xx_CM7.o [1]
DMA2_Stream3_IRQHandler
                         0x800'1855         Code  Wk  startup_stm32h745xx_CM7.o [1]
DMA2_Stream4_IRQHandler
                         0x800'1859         Code  Wk  startup_stm32h745xx_CM7.o [1]
DMA2_Stream5_IRQHandler
                         0x800'1871         Code  Wk  startup_stm32h745xx_CM7.o [1]
DMA2_Stream6_IRQHandler
                         0x800'1875         Code  Wk  startup_stm32h745xx_CM7.o [1]
DMA2_Stream7_IRQHandler
                         0x800'1879         Code  Wk  startup_stm32h745xx_CM7.o [1]
DMAMUX1_OVR_IRQHandler   0x800'18f5         Code  Wk  startup_stm32h745xx_CM7.o [1]
DMAMUX2_OVR_IRQHandler   0x800'1959         Code  Wk  startup_stm32h745xx_CM7.o [1]
DebugMon_Handler         0x800'1731    0x2  Code  Gb  stm32h7xx_it.o [2]
ECC_IRQHandler           0x800'199d         Code  Wk  startup_stm32h745xx_CM7.o [1]
ETH_IRQHandler           0x800'185d         Code  Wk  startup_stm32h745xx_CM7.o [1]
ETH_WKUP_IRQHandler      0x800'1861         Code  Wk  startup_stm32h745xx_CM7.o [1]
EXTI0_IRQHandler         0x800'1785         Code  Wk  startup_stm32h745xx_CM7.o [1]
EXTI15_10_IRQHandler     0x800'180d         Code  Wk  startup_stm32h745xx_CM7.o [1]
EXTI1_IRQHandler         0x800'1789         Code  Wk  startup_stm32h745xx_CM7.o [1]
EXTI2_IRQHandler         0x800'178d         Code  Wk  startup_stm32h745xx_CM7.o [1]
EXTI3_IRQHandler         0x800'1791         Code  Wk  startup_stm32h745xx_CM7.o [1]
EXTI4_IRQHandler         0x800'1795         Code  Wk  startup_stm32h745xx_CM7.o [1]
EXTI9_5_IRQHandler       0x800'17c9         Code  Wk  startup_stm32h745xx_CM7.o [1]
Error_Handler            0x800'0971    0x4  Code  Gb  main.o [2]
FDCAN1_IT0_IRQHandler    0x800'17b9         Code  Wk  startup_stm32h745xx_CM7.o [1]
FDCAN1_IT1_IRQHandler    0x800'17c1         Code  Wk  startup_stm32h745xx_CM7.o [1]
FDCAN2_IT0_IRQHandler    0x800'17bd         Code  Wk  startup_stm32h745xx_CM7.o [1]
FDCAN2_IT1_IRQHandler    0x800'17c5         Code  Wk  startup_stm32h745xx_CM7.o [1]
FDCAN_CAL_IRQHandler     0x800'1865         Code  Wk  startup_stm32h745xx_CM7.o [1]
FLASH_IRQHandler         0x800'177d         Code  Wk  startup_stm32h745xx_CM7.o [1]
FMC_IRQHandler           0x800'1829         Code  Wk  startup_stm32h745xx_CM7.o [1]
FPU_IRQHandler           0x800'18a1         Code  Wk  startup_stm32h745xx_CM7.o [1]
HAL_GetREVID             0x800'0af1    0x8  Code  Gb  stm32h7xx_hal.o [4]
HAL_GetTick              0x800'1525    0xc  Code  Wk  stm32h7xx_hal.o [4]
HAL_HSEM_FastTake        0x800'0b0d   0x14  Code  Gb  stm32h7xx_hal_hsem.o [4]
HAL_HSEM_Release         0x800'0b21    0xc  Code  Gb  stm32h7xx_hal_hsem.o [4]
HAL_IncTick              0x800'1739   0x10  Code  Wk  stm32h7xx_hal.o [4]
HAL_Init                 0x800'0aa5   0x4c  Code  Gb  stm32h7xx_hal.o [4]
HAL_InitTick             0x800'14c1   0x44  Code  Wk  stm32h7xx_hal.o [4]
HAL_MspInit              0x800'1505   0x20  Code  Gb  stm32h7xx_hal_msp.o [2]
HAL_NVIC_SetPriority     0x800'1449   0x3a  Code  Gb  stm32h7xx_hal_cortex.o [4]
HAL_NVIC_SetPriorityGrouping
                         0x800'142f   0x1a  Code  Gb  stm32h7xx_hal_cortex.o [4]
HAL_PWREx_ConfigSupply   0x800'0b89   0x72  Code  Gb  stm32h7xx_hal_pwr_ex.o [4]
HAL_RCC_ClockConfig      0x800'10d9  0x1ac  Code  Gb  stm32h7xx_hal_rcc.o [4]
HAL_RCC_GetSysClockFreq
                         0x800'12e1   0xf0  Code  Gb  stm32h7xx_hal_rcc.o [4]
HAL_RCC_OscConfig        0x800'0c01  0x4d8  Code  Wk  stm32h7xx_hal_rcc.o [4]
HAL_SYSTICK_Config       0x800'1485   0x24  Code  Gb  stm32h7xx_hal_cortex.o [4]
HAL_TIMEx_MasterConfigSynchronization
                         0x800'0975   0x84  Code  Gb  stm32h7xx_hal_tim_ex.o [4]
HAL_TIM_PWM_ConfigChannel
                         0x800'02fb  0x110  Code  Gb  stm32h7xx_hal_tim.o [4]
HAL_TIM_PWM_Init         0x800'02c7   0x1a  Code  Gb  stm32h7xx_hal_tim.o [4]
HAL_TIM_PWM_MspInit      0x800'07e9   0x22  Code  Gb  tim.o [2]
HOLD_CORE_IRQHandler     0x800'19a5         Code  Wk  startup_stm32h745xx_CM7.o [1]
HRTIM1_FLT_IRQHandler    0x800'1911         Code  Wk  startup_stm32h745xx_CM7.o [1]
HRTIM1_Master_IRQHandler
                         0x800'18f9         Code  Wk  startup_stm32h745xx_CM7.o [1]
HRTIM1_TIMA_IRQHandler   0x800'18fd         Code  Wk  startup_stm32h745xx_CM7.o [1]
HRTIM1_TIMB_IRQHandler   0x800'1901         Code  Wk  startup_stm32h745xx_CM7.o [1]
HRTIM1_TIMC_IRQHandler   0x800'1905         Code  Wk  startup_stm32h745xx_CM7.o [1]
HRTIM1_TIMD_IRQHandler   0x800'1909         Code  Wk  startup_stm32h745xx_CM7.o [1]
HRTIM1_TIME_IRQHandler   0x800'190d         Code  Wk  startup_stm32h745xx_CM7.o [1]
HSEM1_IRQHandler         0x800'194d         Code  Wk  startup_stm32h745xx_CM7.o [1]
HSEM2_IRQHandler         0x800'1951         Code  Wk  startup_stm32h745xx_CM7.o [1]
HardFault_Handler        0x800'1727    0x2  Code  Gb  stm32h7xx_it.o [2]
I2C1_ER_IRQHandler       0x800'17ed         Code  Wk  startup_stm32h745xx_CM7.o [1]
I2C1_EV_IRQHandler       0x800'17e9         Code  Wk  startup_stm32h745xx_CM7.o [1]
I2C2_ER_IRQHandler       0x800'17f5         Code  Wk  startup_stm32h745xx_CM7.o [1]
I2C2_EV_IRQHandler       0x800'17f1         Code  Wk  startup_stm32h745xx_CM7.o [1]
I2C3_ER_IRQHandler       0x800'1885         Code  Wk  startup_stm32h745xx_CM7.o [1]
I2C3_EV_IRQHandler       0x800'1881         Code  Wk  startup_stm32h745xx_CM7.o [1]
I2C4_ER_IRQHandler       0x800'18dd         Code  Wk  startup_stm32h745xx_CM7.o [1]
I2C4_EV_IRQHandler       0x800'18d9         Code  Wk  startup_stm32h745xx_CM7.o [1]
JPEG_IRQHandler          0x800'1941         Code  Wk  startup_stm32h745xx_CM7.o [1]
LPTIM1_IRQHandler        0x800'18d1         Code  Wk  startup_stm32h745xx_CM7.o [1]
LPTIM2_IRQHandler        0x800'1981         Code  Wk  startup_stm32h745xx_CM7.o [1]
LPTIM3_IRQHandler        0x800'1985         Code  Wk  startup_stm32h745xx_CM7.o [1]
LPTIM4_IRQHandler        0x800'1989         Code  Wk  startup_stm32h745xx_CM7.o [1]
LPTIM5_IRQHandler        0x800'198d         Code  Wk  startup_stm32h745xx_CM7.o [1]
LPUART1_IRQHandler       0x800'1991         Code  Wk  startup_stm32h745xx_CM7.o [1]
LTDC_ER_IRQHandler       0x800'18c1         Code  Wk  startup_stm32h745xx_CM7.o [1]
LTDC_IRQHandler          0x800'18bd         Code  Wk  startup_stm32h745xx_CM7.o [1]
MDIOS_IRQHandler         0x800'193d         Code  Wk  startup_stm32h745xx_CM7.o [1]
MDIOS_WKUP_IRQHandler    0x800'1939         Code  Wk  startup_stm32h745xx_CM7.o [1]
MDMA_IRQHandler          0x800'1945         Code  Wk  startup_stm32h745xx_CM7.o [1]
MX_DMA_Init              0x800'0b69   0x20  Code  Gb  dma.o [2]
MX_GPIO_Init             0x800'0b39   0x30  Code  Gb  gpio.o [2]
MX_TIM2_Init             0x800'0775   0x74  Code  Gb  tim.o [2]
MemManage_Handler        0x800'1729    0x2  Code  Gb  stm32h7xx_it.o [2]
NMI_Handler              0x800'1725    0x2  Code  Gb  stm32h7xx_it.o [2]
OTG_FS_EP1_IN_IRQHandler
                         0x800'18e9         Code  Wk  startup_stm32h745xx_CM7.o [1]
OTG_FS_EP1_OUT_IRQHandler
                         0x800'18e5         Code  Wk  startup_stm32h745xx_CM7.o [1]
OTG_FS_IRQHandler        0x800'18f1         Code  Wk  startup_stm32h745xx_CM7.o [1]
OTG_FS_WKUP_IRQHandler   0x800'18ed         Code  Wk  startup_stm32h745xx_CM7.o [1]
OTG_HS_EP1_IN_IRQHandler
                         0x800'188d         Code  Wk  startup_stm32h745xx_CM7.o [1]
OTG_HS_EP1_OUT_IRQHandler
                         0x800'1889         Code  Wk  startup_stm32h745xx_CM7.o [1]
OTG_HS_IRQHandler        0x800'1895         Code  Wk  startup_stm32h745xx_CM7.o [1]
OTG_HS_WKUP_IRQHandler   0x800'1891         Code  Wk  startup_stm32h745xx_CM7.o [1]
PVD_AVD_IRQHandler       0x800'1771         Code  Wk  startup_stm32h745xx_CM7.o [1]
PendSV_Handler           0x800'1733    0x2  Code  Gb  stm32h7xx_it.o [2]
QUADSPI_IRQHandler       0x800'18cd         Code  Wk  startup_stm32h745xx_CM7.o [1]
RCC_IRQHandler           0x800'1781         Code  Wk  startup_stm32h745xx_CM7.o [1]
RNG_IRQHandler           0x800'189d         Code  Wk  startup_stm32h745xx_CM7.o [1]
RTC_Alarm_IRQHandler     0x800'1811         Code  Wk  startup_stm32h745xx_CM7.o [1]
RTC_WKUP_IRQHandler      0x800'1779         Code  Wk  startup_stm32h745xx_CM7.o [1]
Region$$Table$$Base      0x800'169c          --   Gb  - Linker created -
Region$$Table$$Limit     0x800'16c0          --   Gb  - Linker created -
Reset_Handler            0x800'175d         Code  Wk  startup_stm32h745xx_CM7.o [1]
SAI1_IRQHandler          0x800'18b9         Code  Wk  startup_stm32h745xx_CM7.o [1]
SAI2_IRQHandler          0x800'18c9         Code  Wk  startup_stm32h745xx_CM7.o [1]
SAI3_IRQHandler          0x800'1925         Code  Wk  startup_stm32h745xx_CM7.o [1]
SAI4_IRQHandler          0x800'19a1         Code  Wk  startup_stm32h745xx_CM7.o [1]
SDMMC1_IRQHandler        0x800'182d         Code  Wk  startup_stm32h745xx_CM7.o [1]
SDMMC2_IRQHandler        0x800'1949         Code  Wk  startup_stm32h745xx_CM7.o [1]
SPDIF_RX_IRQHandler      0x800'18e1         Code  Wk  startup_stm32h745xx_CM7.o [1]
SPI1_IRQHandler          0x800'17f9         Code  Wk  startup_stm32h745xx_CM7.o [1]
SPI2_IRQHandler          0x800'17fd         Code  Wk  startup_stm32h745xx_CM7.o [1]
SPI3_IRQHandler          0x800'1835         Code  Wk  startup_stm32h745xx_CM7.o [1]
SPI4_IRQHandler          0x800'18ad         Code  Wk  startup_stm32h745xx_CM7.o [1]
SPI5_IRQHandler          0x800'18b1         Code  Wk  startup_stm32h745xx_CM7.o [1]
SPI6_IRQHandler          0x800'18b5         Code  Wk  startup_stm32h745xx_CM7.o [1]
SVC_Handler              0x800'172f    0x2  Code  Gb  stm32h7xx_it.o [2]
SWPMI1_IRQHandler        0x800'1929         Code  Wk  startup_stm32h745xx_CM7.o [1]
SysTick_Handler          0x800'1735    0x4  Code  Gb  stm32h7xx_it.o [2]
SystemClock_Config       0x800'0897   0xc4  Code  Gb  main.o [2]
SystemCoreClock         0x2400'000c    0x4  Data  Gb  system_stm32h7xx_dualcore_boot_cm4_cm7.o [3]
SystemD2Clock           0x2400'0010    0x4  Data  Gb  system_stm32h7xx_dualcore_boot_cm4_cm7.o [3]
SystemInit               0x800'1531   0xac  Code  Gb  system_stm32h7xx_dualcore_boot_cm4_cm7.o [3]
TAMP_STAMP_IRQHandler    0x800'1775         Code  Wk  startup_stm32h745xx_CM7.o [1]
TIM15_IRQHandler         0x800'192d         Code  Wk  startup_stm32h745xx_CM7.o [1]
TIM16_IRQHandler         0x800'1931         Code  Wk  startup_stm32h745xx_CM7.o [1]
TIM17_IRQHandler         0x800'1935         Code  Wk  startup_stm32h745xx_CM7.o [1]
TIM1_BRK_IRQHandler      0x800'17cd         Code  Wk  startup_stm32h745xx_CM7.o [1]
TIM1_CC_IRQHandler       0x800'17d9         Code  Wk  startup_stm32h745xx_CM7.o [1]
TIM1_TRG_COM_IRQHandler
                         0x800'17d5         Code  Wk  startup_stm32h745xx_CM7.o [1]
TIM1_UP_IRQHandler       0x800'17d1         Code  Wk  startup_stm32h745xx_CM7.o [1]
TIM2_IRQHandler          0x800'17dd         Code  Wk  startup_stm32h745xx_CM7.o [1]
TIM3_IRQHandler          0x800'17e1         Code  Wk  startup_stm32h745xx_CM7.o [1]
TIM4_IRQHandler          0x800'17e5         Code  Wk  startup_stm32h745xx_CM7.o [1]
TIM5_IRQHandler          0x800'1831         Code  Wk  startup_stm32h745xx_CM7.o [1]
TIM6_DAC_IRQHandler      0x800'1841         Code  Wk  startup_stm32h745xx_CM7.o [1]
TIM7_IRQHandler          0x800'1845         Code  Wk  startup_stm32h745xx_CM7.o [1]
TIM8_BRK_TIM12_IRQHandler
                         0x800'1815         Code  Wk  startup_stm32h745xx_CM7.o [1]
TIM8_CC_IRQHandler       0x800'1821         Code  Wk  startup_stm32h745xx_CM7.o [1]
TIM8_TRG_COM_TIM14_IRQHandler
                         0x800'181d         Code  Wk  startup_stm32h745xx_CM7.o [1]
TIM8_UP_TIM13_IRQHandler
                         0x800'1819         Code  Wk  startup_stm32h745xx_CM7.o [1]
TIM_Base_SetConfig       0x800'0419   0xb2  Code  Gb  stm32h7xx_hal_tim.o [4]
TIM_OC1_SetConfig        0x800'04cb   0x84  Code  Lc  stm32h7xx_hal_tim.o [4]
TIM_OC2_SetConfig        0x800'054f   0x7e  Code  Gb  stm32h7xx_hal_tim.o [4]
TIM_OC3_SetConfig        0x800'05cf   0x72  Code  Lc  stm32h7xx_hal_tim.o [4]
TIM_OC4_SetConfig        0x800'0641   0x50  Code  Lc  stm32h7xx_hal_tim.o [4]
TIM_OC5_SetConfig        0x800'0691   0x54  Code  Lc  stm32h7xx_hal_tim.o [4]
TIM_OC6_SetConfig        0x800'06e7   0x50  Code  Lc  stm32h7xx_hal_tim.o [4]
UART4_IRQHandler         0x800'1839         Code  Wk  startup_stm32h745xx_CM7.o [1]
UART5_IRQHandler         0x800'183d         Code  Wk  startup_stm32h745xx_CM7.o [1]
UART7_IRQHandler         0x800'18a5         Code  Wk  startup_stm32h745xx_CM7.o [1]
UART8_IRQHandler         0x800'18a9         Code  Wk  startup_stm32h745xx_CM7.o [1]
USART1_IRQHandler        0x800'1801         Code  Wk  startup_stm32h745xx_CM7.o [1]
USART2_IRQHandler        0x800'1805         Code  Wk  startup_stm32h745xx_CM7.o [1]
USART3_IRQHandler        0x800'1809         Code  Wk  startup_stm32h745xx_CM7.o [1]
USART6_IRQHandler        0x800'187d         Code  Wk  startup_stm32h745xx_CM7.o [1]
UsageFault_Handler       0x800'172d    0x2  Code  Gb  stm32h7xx_it.o [2]
WAKEUP_PIN_IRQHandler    0x800'19a9         Code  Wk  startup_stm32h745xx_CM7.o [1]
WWDG_IRQHandler          0x800'176d         Code  Wk  startup_stm32h745xx_CM7.o [1]
WWDG_RST_IRQHandler      0x800'1995         Code  Wk  startup_stm32h745xx_CM7.o [1]
__NVIC_SetPriority       0x800'1415   0x1a  Code  Lc  stm32h7xx_hal_cortex.o [4]
__aeabi_memset           0x800'0a15         Code  Gb  ABImemset.o [7]
__cmain                  0x800'16c1         Code  Gb  cmain.o [7]
__exit                   0x800'16f5   0x14  Code  Gb  exit.o [8]
__iar_Memset             0x800'0a15         Code  Gb  ABImemset.o [7]
__iar_Memset_word        0x800'0a1d         Code  Gb  ABImemset.o [7]
__iar_copy_init3         0x800'0a7b   0x2a  Code  Gb  copy_init3.o [7]
__iar_data_init3         0x800'1651   0x28  Code  Gb  data_init.o [7]
__iar_init_vfp           0x800'1679         Code  Gb  fpinit_M.o [6]
__iar_program_start      0x800'1709         Code  Gb  cstartup_M.o [7]
__iar_zero_init3         0x800'1619   0x38  Code  Gb  zero_init3.o [7]
__low_level_init         0x800'16df    0x4  Code  Gb  low_level_init.o [5]
__vector_table           0x800'0000         Data  Gb  startup_stm32h745xx_CM7.o [1]
_call_main               0x800'16cd         Code  Gb  cmain.o [7]
_exit                    0x800'16e9         Code  Gb  cexit.o [7]
exit                     0x800'16e3    0x4  Code  Gb  exit.o [5]
htim2                   0x2400'0014   0x4c  Data  Gb  tim.o [2]
main                     0x800'0829   0x6e  Code  Gb  main.o [2]
memset                   0x800'0815   0x14  Code  Gb  memset.o [7]
uwTick                  0x2400'0004    0x4  Data  Gb  stm32h7xx_hal.o [4]
uwTickFreq              0x2400'0000    0x1  Data  Gb  stm32h7xx_hal.o [4]
uwTickPrio              0x2400'0008    0x4  Data  Gb  stm32h7xx_hal.o [4]


[1] = D:\Progr\doubleCore\single\doubleCore\EWARM\single_CM7\Obj\Application\EWARM
[2] = D:\Progr\doubleCore\single\doubleCore\EWARM\single_CM7\Obj\Application\User\CM7\Core
[3] = D:\Progr\doubleCore\single\doubleCore\EWARM\single_CM7\Obj\Drivers\CMSIS
[4] = D:\Progr\doubleCore\single\doubleCore\EWARM\single_CM7\Obj\Drivers\STM32H7xx_HAL_Driver
[5] = dl7M_tln.a
[6] = m7M_tlv.a
[7] = rt7M_tl.a
[8] = shb_l.a

  6'514 bytes of readonly  code memory
     58 bytes of readonly  data memory
  1'120 bytes of readwrite data memory

Errors: none
Warnings: none
